mode: set
registro-backend/internal/groups/handler.go:14.2,15.1 1 1
registro-backend/internal/groups/handler.go:18.2,19.1 2 1
registro-backend/internal/groups/handler.go:20.3,27.1 7 1
registro-backend/internal/groups/handler.go:31.2,31.14 1 0
registro-backend/internal/groups/handler.go:33.3,33.14 1 0
registro-backend/internal/groups/handler.go:35.3,35.15 1 0
registro-backend/internal/groups/handler.go:40.2,42.60 3 0
registro-backend/internal/groups/handler.go:43.3,45.1 2 0
registro-backend/internal/groups/handler.go:47.2,48.47 2 0
registro-backend/internal/groups/handler.go:49.3,51.1 2 0
registro-backend/internal/groups/handler.go:53.2,54.16 2 0
registro-backend/internal/groups/handler.go:55.3,57.1 2 0
registro-backend/internal/groups/handler.go:59.2,59.35 1 0
registro-backend/internal/groups/handler.go:63.2,64.18 2 1
registro-backend/internal/groups/handler.go:65.3,67.1 2 0
registro-backend/internal/groups/handler.go:69.2,71.26 3 1
registro-backend/internal/groups/handler.go:72.3,73.26 2 0
registro-backend/internal/groups/handler.go:74.4,75.1 1 0
registro-backend/internal/groups/handler.go:78.2,80.1 3 1
registro-backend/internal/groups/handler.go:81.2,81.21 3 1
registro-backend/internal/groups/handler.go:82.3,82.47 1 1
registro-backend/internal/groups/handler.go:83.4,85.1 2 1
registro-backend/internal/groups/handler.go:86.3,86.44 1 1
registro-backend/internal/groups/handler.go:87.4,89.1 2 1
registro-backend/internal/groups/handler.go:92.2,92.21 1 1
registro-backend/internal/groups/handler.go:93.3,93.47 1 1
registro-backend/internal/groups/handler.go:94.4,96.1 2 1
registro-backend/internal/groups/handler.go:99.2,99.61 1 1
registro-backend/internal/groups/handler.go:100.3,101.1 1 1
registro-backend/internal/groups/handler.go:103.2,105.1 3 1
registro-backend/internal/groups/handler.go:106.2,106.21 3 1
registro-backend/internal/groups/handler.go:107.3,108.1 1 1
registro-backend/internal/groups/handler.go:108.9,108.28 1 1
registro-backend/internal/groups/handler.go:109.3,110.1 1 1
registro-backend/internal/groups/handler.go:110.9,110.27 1 0
registro-backend/internal/groups/handler.go:111.3,111.44 1 0
registro-backend/internal/groups/handler.go:112.4,114.1 2 0
registro-backend/internal/groups/handler.go:115.3,115.76 1 0
registro-backend/internal/groups/handler.go:117.3,118.1 1 0
registro-backend/internal/groups/handler.go:120.2,120.16 1 1
registro-backend/internal/groups/handler.go:121.3,123.1 2 0
registro-backend/internal/groups/handler.go:125.2,125.31 1 1
registro-backend/internal/groups/handler.go:129.2,130.18 2 0
registro-backend/internal/groups/handler.go:131.3,133.1 2 0
registro-backend/internal/groups/handler.go:135.2,137.16 3 0
registro-backend/internal/groups/handler.go:138.3,140.1 2 0
registro-backend/internal/groups/handler.go:142.2,142.30 1 0
registro-backend/internal/groups/handler.go:146.2,149.60 4 0
registro-backend/internal/groups/handler.go:150.3,152.1 2 0
registro-backend/internal/groups/handler.go:154.2,156.47 3 0
registro-backend/internal/groups/handler.go:157.3,159.1 2 0
registro-backend/internal/groups/handler.go:161.2,162.16 2 0
registro-backend/internal/groups/handler.go:163.3,165.1 2 0
registro-backend/internal/groups/handler.go:167.2,167.30 1 0
registro-backend/internal/groups/handler.go:171.2,174.60 4 0
registro-backend/internal/groups/handler.go:175.3,177.1 2 0
registro-backend/internal/groups/handler.go:179.2,180.87 2 0
registro-backend/internal/groups/handler.go:181.3,183.1 2 0
registro-backend/internal/groups/handler.go:185.2,185.71 1 0
registro-backend/internal/groups/handler.go:189.2,192.60 4 0
registro-backend/internal/groups/handler.go:193.3,195.1 2 0
registro-backend/internal/groups/handler.go:197.2,199.47 3 0
registro-backend/internal/groups/handler.go:200.3,202.1 2 0
registro-backend/internal/groups/handler.go:204.2,204.110 1 0
registro-backend/internal/groups/handler.go:205.3,207.1 2 0
registro-backend/internal/groups/handler.go:209.2,209.72 1 0
registro-backend/internal/groups/handler.go:213.2,216.60 4 0
registro-backend/internal/groups/handler.go:217.3,219.1 2 0
registro-backend/internal/groups/handler.go:221.2,223.1 3 0
registro-backend/internal/groups/handler.go:224.2,224.109 3 0
registro-backend/internal/groups/handler.go:225.3,227.1 2 0
registro-backend/internal/groups/handler.go:229.2,229.73 1 0
registro-backend/internal/groups/repository.go:28.2,29.1 1 0
registro-backend/internal/groups/repository.go:32.2,36.16 2 0
registro-backend/internal/groups/repository.go:37.3,38.1 1 0
registro-backend/internal/groups/repository.go:39.2,42.1 5 0
registro-backend/internal/groups/repository.go:43.2,44.46 5 0
registro-backend/internal/groups/repository.go:45.3,46.1 1 0
registro-backend/internal/groups/repository.go:47.2,47.46 1 0
registro-backend/internal/groups/repository.go:48.3,49.1 1 0
registro-backend/internal/groups/repository.go:51.2,52.12 2 0
registro-backend/internal/groups/repository.go:56.2,62.46 3 0
registro-backend/internal/groups/repository.go:63.3,64.1 1 0
registro-backend/internal/groups/repository.go:65.2,65.46 1 0
registro-backend/internal/groups/repository.go:66.3,67.1 1 0
registro-backend/internal/groups/repository.go:69.2,70.12 2 0
registro-backend/internal/groups/repository.go:74.2,77.1 3 0
registro-backend/internal/groups/repository.go:80.2,96.16 5 0
registro-backend/internal/groups/repository.go:97.3,98.1 1 0
registro-backend/internal/groups/repository.go:99.2,99.21 1 0
registro-backend/internal/groups/repository.go:100.3,101.1 1 0
registro-backend/internal/groups/repository.go:102.2,102.21 1 0
registro-backend/internal/groups/repository.go:103.3,104.1 1 0
registro-backend/internal/groups/repository.go:106.2,107.16 2 0
registro-backend/internal/groups/repository.go:108.3,110.1 2 0
registro-backend/internal/groups/repository.go:112.2,112.16 1 0
registro-backend/internal/groups/repository.go:116.2,128.16 3 0
registro-backend/internal/groups/repository.go:129.3,130.1 1 0
registro-backend/internal/groups/repository.go:131.2,132.1 3 0
registro-backend/internal/groups/repository.go:133.2,134.18 3 0
registro-backend/internal/groups/repository.go:135.3,141.17 3 0
registro-backend/internal/groups/repository.go:142.4,143.1 1 0
registro-backend/internal/groups/repository.go:144.3,144.22 1 0
registro-backend/internal/groups/repository.go:145.4,146.1 1 0
registro-backend/internal/groups/repository.go:147.3,147.22 1 0
registro-backend/internal/groups/repository.go:148.4,149.1 1 0
registro-backend/internal/groups/repository.go:150.3,150.29 1 0
registro-backend/internal/groups/repository.go:152.2,152.35 1 0
registro-backend/internal/groups/repository.go:153.3,154.1 1 0
registro-backend/internal/groups/repository.go:155.2,155.20 1 0
registro-backend/internal/groups/repository.go:159.2,171.16 3 0
registro-backend/internal/groups/repository.go:172.3,173.1 1 0
registro-backend/internal/groups/repository.go:174.2,175.1 3 0
registro-backend/internal/groups/repository.go:176.2,177.18 3 0
registro-backend/internal/groups/repository.go:178.3,184.17 3 0
registro-backend/internal/groups/repository.go:185.4,186.1 1 0
registro-backend/internal/groups/repository.go:187.3,187.22 1 0
registro-backend/internal/groups/repository.go:188.4,189.1 1 0
registro-backend/internal/groups/repository.go:190.3,190.22 1 0
registro-backend/internal/groups/repository.go:191.4,192.1 1 0
registro-backend/internal/groups/repository.go:193.3,193.29 1 0
registro-backend/internal/groups/repository.go:195.2,195.35 1 0
registro-backend/internal/groups/repository.go:196.3,197.1 1 0
registro-backend/internal/groups/repository.go:198.2,198.20 1 0
registro-backend/internal/groups/repository.go:202.2,215.16 3 0
registro-backend/internal/groups/repository.go:216.3,217.1 1 0
registro-backend/internal/groups/repository.go:218.2,219.1 3 0
registro-backend/internal/groups/repository.go:220.2,221.18 3 0
registro-backend/internal/groups/repository.go:222.3,228.17 3 0
registro-backend/internal/groups/repository.go:229.4,230.1 1 0
registro-backend/internal/groups/repository.go:231.3,231.22 1 0
registro-backend/internal/groups/repository.go:232.4,233.1 1 0
registro-backend/internal/groups/repository.go:234.3,234.22 1 0
registro-backend/internal/groups/repository.go:235.4,236.1 1 0
registro-backend/internal/groups/repository.go:237.3,237.29 1 0
registro-backend/internal/groups/repository.go:239.2,239.35 1 0
registro-backend/internal/groups/repository.go:240.3,241.1 1 0
registro-backend/internal/groups/repository.go:242.2,242.20 1 0
registro-backend/internal/groups/repository.go:246.2,247.16 2 0
registro-backend/internal/groups/repository.go:248.3,249.1 1 0
registro-backend/internal/groups/repository.go:250.2,250.15 1 0
registro-backend/internal/groups/repository.go:250.17,250.36 1 0
registro-backend/internal/groups/repository.go:252.2,253.16 2 0
registro-backend/internal/groups/repository.go:254.3,255.1 1 0
registro-backend/internal/groups/repository.go:256.2,256.15 1 0
registro-backend/internal/groups/repository.go:256.17,256.35 1 0
registro-backend/internal/groups/repository.go:258.2,258.33 1 0
registro-backend/internal/groups/repository.go:259.3,259.16 1 0
registro-backend/internal/groups/repository.go:260.4,260.12 1 0
registro-backend/internal/groups/repository.go:262.3,262.64 1 0
registro-backend/internal/groups/repository.go:263.4,264.1 1 0
registro-backend/internal/groups/repository.go:266.2,266.20 1 0
registro-backend/internal/groups/repository.go:270.2,273.1 3 0
registro-backend/internal/groups/repository.go:276.2,285.16 3 0
registro-backend/internal/groups/repository.go:286.3,287.1 1 0
registro-backend/internal/groups/repository.go:288.2,289.1 3 0
registro-backend/internal/groups/repository.go:290.2,291.18 3 0
registro-backend/internal/groups/repository.go:292.3,293.90 2 0
registro-backend/internal/groups/repository.go:294.4,295.1 1 0
registro-backend/internal/groups/repository.go:296.3,296.33 1 0
registro-backend/internal/groups/repository.go:298.2,298.35 1 0
registro-backend/internal/groups/repository.go:299.3,300.1 1 0
registro-backend/internal/groups/repository.go:301.2,301.22 1 0
registro-backend/internal/groups/service.go:20.2,21.1 1 1
registro-backend/internal/groups/service.go:24.2,24.42 1 1
registro-backend/internal/groups/service.go:25.3,26.1 1 0
registro-backend/internal/groups/service.go:27.2,27.28 1 1
registro-backend/internal/groups/service.go:28.3,29.1 1 0
registro-backend/internal/groups/service.go:31.2,38.1 2 1
registro-backend/internal/groups/service.go:40.2,40.46 2 1
registro-backend/internal/groups/service.go:41.3,42.1 1 0
registro-backend/internal/groups/service.go:44.2,44.29 1 1
registro-backend/internal/groups/service.go:45.3,46.1 1 1
registro-backend/internal/groups/service.go:48.2,48.34 1 1
registro-backend/internal/groups/service.go:52.2,53.16 2 0
registro-backend/internal/groups/service.go:54.3,55.1 1 0
registro-backend/internal/groups/service.go:56.2,56.95 1 0
registro-backend/internal/groups/service.go:57.3,58.1 1 0
registro-backend/internal/groups/service.go:60.2,60.20 1 0
registro-backend/internal/groups/service.go:61.3,62.1 1 0
registro-backend/internal/groups/service.go:63.2,63.26 1 0
registro-backend/internal/groups/service.go:64.3,65.1 1 0
registro-backend/internal/groups/service.go:66.2,66.26 1 0
registro-backend/internal/groups/service.go:67.3,68.1 1 0
registro-backend/internal/groups/service.go:69.2,69.27 1 0
registro-backend/internal/groups/service.go:70.3,71.1 1 0
registro-backend/internal/groups/service.go:73.2,73.46 1 0
registro-backend/internal/groups/service.go:74.3,75.1 1 0
registro-backend/internal/groups/service.go:77.2,77.34 1 0
registro-backend/internal/groups/service.go:81.2,82.16 2 0
registro-backend/internal/groups/service.go:83.3,84.1 1 0
registro-backend/internal/groups/service.go:85.2,85.95 1 0
registro-backend/internal/groups/service.go:86.3,87.1 1 0
registro-backend/internal/groups/service.go:88.2,88.31 1 0
registro-backend/internal/groups/service.go:92.2,93.1 1 1
registro-backend/internal/groups/service.go:96.2,97.1 1 0
registro-backend/internal/groups/service.go:100.2,101.1 1 1
registro-backend/internal/groups/service.go:104.2,105.1 1 1
registro-backend/internal/groups/service.go:108.2,109.16 2 0
registro-backend/internal/groups/service.go:110.3,111.1 1 0
registro-backend/internal/groups/service.go:112.2,112.95 1 0
registro-backend/internal/groups/service.go:113.3,114.1 1 0
registro-backend/internal/groups/service.go:115.2,115.53 1 0
registro-backend/internal/groups/service.go:119.2,120.16 2 0
registro-backend/internal/groups/service.go:121.3,122.1 1 0
registro-backend/internal/groups/service.go:123.2,123.95 1 0
registro-backend/internal/groups/service.go:124.3,125.1 1 0
registro-backend/internal/groups/service.go:126.2,126.54 1 0
registro-backend/internal/groups/service.go:133.2,135.34 3 0
registro-backend/internal/groups/service.go:136.3,137.1 1 0
registro-backend/internal/groups/service.go:138.2,138.43 1 0
