mode: set
registro-backend/internal/parents/handler.go:14.2,15.1 1 1
registro-backend/internal/parents/handler.go:18.2,19.1 2 1
registro-backend/internal/parents/handler.go:20.3,23.1 3 1
registro-backend/internal/parents/handler.go:27.2,28.20 2 1
registro-backend/internal/parents/handler.go:29.3,31.1 2 1
registro-backend/internal/parents/handler.go:33.2,34.16 2 1
registro-backend/internal/parents/handler.go:35.3,37.1 2 1
registro-backend/internal/parents/handler.go:38.2,38.30 1 1
registro-backend/internal/parents/handler.go:42.2,43.20 2 1
registro-backend/internal/parents/handler.go:44.3,46.1 2 1
registro-backend/internal/parents/handler.go:48.2,49.16 2 1
registro-backend/internal/parents/handler.go:50.3,52.1 2 1
registro-backend/internal/parents/handler.go:53.2,53.29 1 1
registro-backend/internal/parents/handler.go:57.2,59.1 3 1
registro-backend/internal/parents/handler.go:60.2,60.20 3 1
registro-backend/internal/parents/handler.go:61.3,63.1 2 1
registro-backend/internal/parents/handler.go:65.2,66.16 2 1
registro-backend/internal/parents/handler.go:67.3,67.29 1 1
registro-backend/internal/parents/handler.go:68.4,70.1 2 1
registro-backend/internal/parents/handler.go:71.3,72.9 2 1
registro-backend/internal/parents/handler.go:75.2,78.4 1 1
registro-backend/internal/parents/repository.go:20.2,21.1 1 0
registro-backend/internal/parents/repository.go:24.2,33.16 3 0
registro-backend/internal/parents/repository.go:34.3,35.1 1 0
registro-backend/internal/parents/repository.go:36.2,37.1 3 0
registro-backend/internal/parents/repository.go:38.2,39.18 3 0
registro-backend/internal/parents/repository.go:40.3,41.40 2 0
registro-backend/internal/parents/repository.go:42.4,43.1 1 0
registro-backend/internal/parents/repository.go:45.2,45.24 1 0
registro-backend/internal/parents/repository.go:49.2,57.1 2 0
registro-backend/internal/parents/repository.go:59.2,59.17 2 0
registro-backend/internal/parents/repository.go:60.3,61.1 1 0
registro-backend/internal/parents/repository.go:64.2,72.103 3 0
registro-backend/internal/parents/repository.go:73.3,74.1 1 0
registro-backend/internal/parents/repository.go:77.2,77.27 1 0
registro-backend/internal/parents/repository.go:78.3,80.35 3 0
registro-backend/internal/parents/repository.go:81.4,83.1 2 0
registro-backend/internal/parents/repository.go:85.3,92.93 3 0
registro-backend/internal/parents/repository.go:93.4,94.1 1 0
registro-backend/internal/parents/repository.go:96.3,103.88 3 0
registro-backend/internal/parents/repository.go:104.4,105.1 1 0
registro-backend/internal/parents/repository.go:109.2,116.96 3 0
registro-backend/internal/parents/repository.go:117.3,119.1 2 0
registro-backend/internal/parents/repository.go:121.2,121.18 1 0
registro-backend/internal/parents/service.go:26.2,32.1 1 1
registro-backend/internal/parents/service.go:36.2,37.16 2 1
registro-backend/internal/parents/service.go:38.3,39.1 1 1
registro-backend/internal/parents/service.go:41.2,44.1 2 1
registro-backend/internal/parents/service.go:46.2,46.33 2 1
registro-backend/internal/parents/service.go:47.3,49.1 2 1
registro-backend/internal/parents/service.go:52.3,52.83 2 1
registro-backend/internal/parents/service.go:53.4,55.33 3 1
registro-backend/internal/parents/service.go:56.5,56.44 1 1
registro-backend/internal/parents/service.go:57.6,60.1 3 1
registro-backend/internal/parents/service.go:62.4,62.17 1 1
registro-backend/internal/parents/service.go:63.5,64.1 1 1
registro-backend/internal/parents/service.go:68.3,68.61 1 1
registro-backend/internal/parents/service.go:69.4,70.1 1 1
registro-backend/internal/parents/service.go:73.3,74.124 2 1
registro-backend/internal/parents/service.go:75.4,76.1 1 1
registro-backend/internal/parents/service.go:77.3,77.89 1 1
registro-backend/internal/parents/service.go:78.4,78.27 1 1
registro-backend/internal/parents/service.go:79.5,79.43 1 1
registro-backend/internal/parents/service.go:80.6,81.1 1 1
registro-backend/internal/parents/service.go:85.3,85.50 1 1
registro-backend/internal/parents/service.go:88.2,88.18 1 1
registro-backend/internal/parents/service.go:92.2,93.28 2 1
registro-backend/internal/parents/service.go:94.3,95.1 1 1
registro-backend/internal/parents/service.go:97.2,98.16 2 1
registro-backend/internal/parents/service.go:99.3,100.1 1 1
registro-backend/internal/parents/service.go:102.2,106.1 5 1
registro-backend/internal/parents/service.go:107.2,107.31 5 1
registro-backend/internal/parents/service.go:108.3,108.43 1 1
registro-backend/internal/parents/service.go:109.4,109.12 1 1
registro-backend/internal/parents/service.go:112.3,112.80 1 1
registro-backend/internal/parents/service.go:113.4,113.12 1 1
registro-backend/internal/parents/service.go:116.3,117.13 2 1
registro-backend/internal/parents/service.go:118.4,119.1 1 1
registro-backend/internal/parents/service.go:120.3,123.10 4 1
registro-backend/internal/parents/service.go:127.2,127.16 1 1
registro-backend/internal/parents/service.go:128.3,128.32 1 1
registro-backend/internal/parents/service.go:129.4,129.43 1 1
registro-backend/internal/parents/service.go:130.5,131.15 2 1
registro-backend/internal/parents/service.go:132.6,133.1 1 1
registro-backend/internal/parents/service.go:134.5,136.12 3 1
registro-backend/internal/parents/service.go:141.2,141.36 1 1
registro-backend/internal/parents/service.go:142.3,143.1 1 1
registro-backend/internal/parents/service.go:145.2,146.39 2 1
registro-backend/internal/parents/service.go:150.2,151.16 2 1
registro-backend/internal/parents/service.go:152.3,153.1 1 1
registro-backend/internal/parents/service.go:155.2,156.33 2 1
registro-backend/internal/parents/service.go:157.3,157.25 1 1
registro-backend/internal/parents/service.go:158.4,159.1 1 1
registro-backend/internal/parents/service.go:162.2,163.16 2 1
registro-backend/internal/parents/service.go:164.3,165.1 1 1
registro-backend/internal/parents/service.go:167.2,169.1 3 1
registro-backend/internal/parents/service.go:170.2,170.19 3 1
