mode: set
registro-backend/internal/pdp/handler.go:18.2,19.1 1 0
registro-backend/internal/pdp/handler.go:28.2,29.1 1 0
registro-backend/internal/pdp/handler.go:34.2,35.1 2 0
registro-backend/internal/pdp/handler.go:37.3,38.1 10 0
registro-backend/internal/pdp/handler.go:39.3,40.1 10 0
registro-backend/internal/pdp/handler.go:41.3,45.1 10 0
registro-backend/internal/pdp/handler.go:46.3,48.1 10 0
registro-backend/internal/pdp/handler.go:49.3,51.1 10 0
registro-backend/internal/pdp/handler.go:57.2,58.19 2 0
registro-backend/internal/pdp/handler.go:59.3,61.1 2 0
registro-backend/internal/pdp/handler.go:62.2,66.1 6 0
registro-backend/internal/pdp/handler.go:67.2,68.23 6 0
registro-backend/internal/pdp/handler.go:69.3,70.1 1 0
registro-backend/internal/pdp/handler.go:71.2,71.46 1 0
registro-backend/internal/pdp/handler.go:75.2,76.19 2 0
registro-backend/internal/pdp/handler.go:77.3,79.1 2 0
registro-backend/internal/pdp/handler.go:80.2,84.1 6 0
registro-backend/internal/pdp/handler.go:85.2,86.23 6 0
registro-backend/internal/pdp/handler.go:87.3,88.1 1 0
registro-backend/internal/pdp/handler.go:89.2,89.46 1 0
registro-backend/internal/pdp/handler.go:93.2,94.19 2 0
registro-backend/internal/pdp/handler.go:95.3,97.1 2 0
registro-backend/internal/pdp/handler.go:98.2,101.23 4 0
registro-backend/internal/pdp/handler.go:102.3,103.1 1 0
registro-backend/internal/pdp/handler.go:104.2,104.29 1 0
registro-backend/internal/pdp/handler.go:108.2,109.19 2 0
registro-backend/internal/pdp/handler.go:110.3,112.1 2 0
registro-backend/internal/pdp/handler.go:113.2,115.1 4 0
registro-backend/internal/pdp/handler.go:116.2,117.47 4 0
registro-backend/internal/pdp/handler.go:118.3,120.1 2 0
registro-backend/internal/pdp/handler.go:122.2,123.23 2 0
registro-backend/internal/pdp/handler.go:124.3,125.1 1 0
registro-backend/internal/pdp/handler.go:126.2,126.34 1 0
registro-backend/internal/pdp/handler.go:130.2,131.19 2 0
registro-backend/internal/pdp/handler.go:132.3,134.1 2 0
registro-backend/internal/pdp/handler.go:135.2,138.47 4 0
registro-backend/internal/pdp/handler.go:139.3,141.1 2 0
registro-backend/internal/pdp/handler.go:142.2,143.23 2 0
registro-backend/internal/pdp/handler.go:144.3,145.1 1 0
registro-backend/internal/pdp/handler.go:146.2,146.29 1 0
registro-backend/internal/pdp/handler.go:150.2,151.19 2 0
registro-backend/internal/pdp/handler.go:152.3,154.1 2 0
registro-backend/internal/pdp/handler.go:155.2,157.105 3 0
registro-backend/internal/pdp/handler.go:158.3,159.1 1 0
registro-backend/internal/pdp/handler.go:160.2,160.35 1 0
registro-backend/internal/pdp/handler.go:164.2,165.19 2 0
registro-backend/internal/pdp/handler.go:166.3,168.1 2 0
registro-backend/internal/pdp/handler.go:169.2,172.47 4 0
registro-backend/internal/pdp/handler.go:173.3,175.1 2 0
registro-backend/internal/pdp/handler.go:176.2,177.23 2 0
registro-backend/internal/pdp/handler.go:178.3,179.1 1 0
registro-backend/internal/pdp/handler.go:180.2,180.29 1 0
registro-backend/internal/pdp/handler.go:184.2,187.19 4 0
registro-backend/internal/pdp/handler.go:188.3,190.1 2 0
registro-backend/internal/pdp/handler.go:191.2,191.80 1 0
registro-backend/internal/pdp/handler.go:192.3,194.1 2 0
registro-backend/internal/pdp/handler.go:195.2,195.119 1 0
registro-backend/internal/pdp/handler.go:196.3,197.1 1 0
registro-backend/internal/pdp/handler.go:198.2,198.75 1 0
registro-backend/internal/pdp/handler.go:202.2,203.19 2 0
registro-backend/internal/pdp/handler.go:204.3,206.1 2 0
registro-backend/internal/pdp/handler.go:207.2,207.72 1 0
registro-backend/internal/pdp/handler.go:211.2,212.19 2 0
registro-backend/internal/pdp/handler.go:213.3,215.1 2 0
registro-backend/internal/pdp/handler.go:216.2,216.72 1 0
registro-backend/internal/pdp/handler.go:222.2,222.16 1 0
registro-backend/internal/pdp/handler.go:223.3,224.1 1 0
registro-backend/internal/pdp/handler.go:225.2,225.9 1 0
registro-backend/internal/pdp/handler.go:227.3,227.59 1 0
registro-backend/internal/pdp/handler.go:229.3,229.60 1 0
registro-backend/internal/pdp/handler.go:231.3,231.60 1 0
registro-backend/internal/pdp/handler.go:233.3,233.60 1 0
registro-backend/internal/pdp/handler.go:235.3,235.59 1 0
registro-backend/internal/pdp/handler.go:237.3,237.82 1 0
registro-backend/internal/pdp/handler.go:239.2,239.13 1 0
registro-backend/internal/pdp/repository.go:30.2,31.1 1 0
registro-backend/internal/pdp/repository.go:37.2,41.1 6 0
registro-backend/internal/pdp/repository.go:42.2,62.16 6 0
registro-backend/internal/pdp/repository.go:63.3,64.1 1 0
registro-backend/internal/pdp/repository.go:66.2,66.25 1 0
registro-backend/internal/pdp/repository.go:67.3,68.1 1 0
registro-backend/internal/pdp/repository.go:69.2,69.23 1 0
registro-backend/internal/pdp/repository.go:70.3,71.1 1 0
registro-backend/internal/pdp/repository.go:72.2,72.28 1 0
registro-backend/internal/pdp/repository.go:73.3,74.1 1 0
registro-backend/internal/pdp/repository.go:75.2,75.21 1 0
registro-backend/internal/pdp/repository.go:76.3,77.1 1 0
registro-backend/internal/pdp/repository.go:79.2,79.66 1 0
registro-backend/internal/pdp/repository.go:80.3,82.1 2 0
registro-backend/internal/pdp/repository.go:84.2,84.18 1 0
registro-backend/internal/pdp/repository.go:99.2,100.16 2 0
registro-backend/internal/pdp/repository.go:101.3,102.1 1 0
registro-backend/internal/pdp/repository.go:104.2,116.77 3 0
registro-backend/internal/pdp/repository.go:117.3,118.1 1 0
registro-backend/internal/pdp/repository.go:119.2,119.18 1 0
registro-backend/internal/pdp/repository.go:123.2,126.26 4 0
registro-backend/internal/pdp/repository.go:127.3,128.1 1 0
registro-backend/internal/pdp/repository.go:129.2,129.18 1 0
registro-backend/internal/pdp/repository.go:133.2,135.16 3 0
registro-backend/internal/pdp/repository.go:136.3,137.1 1 0
registro-backend/internal/pdp/repository.go:138.2,139.23 2 0
registro-backend/internal/pdp/repository.go:143.2,145.16 3 0
registro-backend/internal/pdp/repository.go:146.3,147.1 1 0
registro-backend/internal/pdp/repository.go:148.2,149.23 2 0
registro-backend/internal/pdp/repository.go:153.2,154.18 2 0
registro-backend/internal/pdp/repository.go:155.3,156.17 2 0
registro-backend/internal/pdp/repository.go:157.4,158.1 1 0
registro-backend/internal/pdp/repository.go:159.3,159.27 1 0
registro-backend/internal/pdp/repository.go:161.2,161.26 1 0
registro-backend/internal/pdp/repository.go:165.2,166.16 2 0
registro-backend/internal/pdp/repository.go:167.3,168.1 1 0
registro-backend/internal/pdp/repository.go:169.2,169.15 1 0
registro-backend/internal/pdp/repository.go:169.17,169.36 1 0
registro-backend/internal/pdp/repository.go:172.2,175.1 4 0
registro-backend/internal/pdp/repository.go:176.2,176.25 4 0
registro-backend/internal/pdp/repository.go:177.3,180.1 3 0
registro-backend/internal/pdp/repository.go:181.2,181.26 1 0
registro-backend/internal/pdp/repository.go:182.3,185.1 3 0
registro-backend/internal/pdp/repository.go:186.2,186.24 1 0
registro-backend/internal/pdp/repository.go:187.3,191.1 4 0
registro-backend/internal/pdp/repository.go:192.2,192.30 1 0
registro-backend/internal/pdp/repository.go:193.3,196.1 3 0
registro-backend/internal/pdp/repository.go:197.2,197.28 1 0
registro-backend/internal/pdp/repository.go:198.3,201.1 3 0
registro-backend/internal/pdp/repository.go:203.2,203.15 1 0
registro-backend/internal/pdp/repository.go:204.3,205.1 1 0
registro-backend/internal/pdp/repository.go:208.2,211.63 4 0
registro-backend/internal/pdp/repository.go:212.3,213.1 1 0
registro-backend/internal/pdp/repository.go:214.2,214.36 1 0
registro-backend/internal/pdp/repository.go:215.3,216.1 1 0
registro-backend/internal/pdp/repository.go:217.2,217.27 1 0
registro-backend/internal/pdp/repository.go:221.2,226.1 2 0
registro-backend/internal/pdp/repository.go:229.2,234.1 2 0
registro-backend/internal/pdp/repository.go:237.2,239.1 2 0
registro-backend/internal/pdp/service.go:27.2,28.39 2 1
registro-backend/internal/pdp/service.go:29.3,30.1 1 1
registro-backend/internal/pdp/service.go:31.2,31.12 1 1
registro-backend/internal/pdp/service.go:37.2,37.30 1 1
registro-backend/internal/pdp/service.go:38.3,39.1 1 1
registro-backend/internal/pdp/service.go:40.2,40.24 1 1
registro-backend/internal/pdp/service.go:41.3,42.1 1 0
registro-backend/internal/pdp/service.go:44.2,55.1 2 1
registro-backend/internal/pdp/service.go:58.2,58.33 2 1
registro-backend/internal/pdp/service.go:64.2,64.19 1 1
registro-backend/internal/pdp/service.go:66.3,66.24 1 1
registro-backend/internal/pdp/service.go:67.4,68.18 2 1
registro-backend/internal/pdp/service.go:69.5,70.1 1 0
registro-backend/internal/pdp/service.go:71.4,71.19 1 1
registro-backend/internal/pdp/service.go:72.5,73.1 1 1
registro-backend/internal/pdp/service.go:76.3,76.27 1 0
registro-backend/internal/pdp/service.go:77.4,78.1 1 0
registro-backend/internal/pdp/service.go:81.2,82.16 2 1
registro-backend/internal/pdp/service.go:83.3,84.1 1 0
registro-backend/internal/pdp/service.go:87.2,88.26 2 1
registro-backend/internal/pdp/service.go:89.3,89.106 1 1
registro-backend/internal/pdp/service.go:90.4,90.12 1 0
registro-backend/internal/pdp/service.go:92.3,92.54 1 1
registro-backend/internal/pdp/service.go:93.4,93.27 1 1
registro-backend/internal/pdp/service.go:94.5,94.13 1 0
registro-backend/internal/pdp/service.go:96.4,96.20 1 1
registro-backend/internal/pdp/service.go:98.3,98.31 1 1
registro-backend/internal/pdp/service.go:100.2,100.21 1 1
registro-backend/internal/pdp/service.go:106.2,106.33 1 0
registro-backend/internal/pdp/service.go:107.3,108.1 1 0
registro-backend/internal/pdp/service.go:109.2,110.16 2 0
registro-backend/internal/pdp/service.go:111.3,112.1 1 0
registro-backend/internal/pdp/service.go:113.2,113.54 1 0
registro-backend/internal/pdp/service.go:114.3,115.27 2 0
registro-backend/internal/pdp/service.go:116.4,116.55 1 0
registro-backend/internal/pdp/service.go:117.5,118.1 1 0
registro-backend/internal/pdp/service.go:120.3,120.23 1 0
registro-backend/internal/pdp/service.go:122.2,122.19 1 0
registro-backend/internal/pdp/service.go:127.2,128.16 2 1
registro-backend/internal/pdp/service.go:129.3,130.1 1 0
registro-backend/internal/pdp/service.go:131.2,131.17 1 1
registro-backend/internal/pdp/service.go:132.3,133.1 1 0
registro-backend/internal/pdp/service.go:134.2,134.111 1 1
registro-backend/internal/pdp/service.go:135.3,136.1 1 0
registro-backend/internal/pdp/service.go:138.2,138.19 1 1
registro-backend/internal/pdp/service.go:140.3,140.24 1 1
registro-backend/internal/pdp/service.go:141.4,142.33 2 0
registro-backend/internal/pdp/service.go:143.5,144.1 1 0
registro-backend/internal/pdp/service.go:146.3,146.29 1 1
registro-backend/internal/pdp/service.go:147.4,148.1 1 1
registro-backend/internal/pdp/service.go:149.3,149.22 1 1
registro-backend/internal/pdp/service.go:151.3,151.32 1 0
registro-backend/internal/pdp/service.go:152.4,153.1 1 0
registro-backend/internal/pdp/service.go:154.3,154.29 1 0
registro-backend/internal/pdp/service.go:155.4,156.1 1 0
registro-backend/internal/pdp/service.go:157.3,157.22 1 0
registro-backend/internal/pdp/service.go:160.2,160.18 1 1
registro-backend/internal/pdp/service.go:165.2,165.30 1 0
registro-backend/internal/pdp/service.go:166.3,167.1 1 0
registro-backend/internal/pdp/service.go:168.2,169.31 2 0
registro-backend/internal/pdp/service.go:170.3,171.1 1 0
registro-backend/internal/pdp/service.go:172.2,172.111 1 0
registro-backend/internal/pdp/service.go:173.3,174.1 1 0
registro-backend/internal/pdp/service.go:175.2,175.36 1 0
registro-backend/internal/pdp/service.go:180.2,180.30 1 0
registro-backend/internal/pdp/service.go:181.3,182.1 1 0
registro-backend/internal/pdp/service.go:183.2,184.31 2 0
registro-backend/internal/pdp/service.go:185.3,186.1 1 0
registro-backend/internal/pdp/service.go:187.2,187.111 1 0
registro-backend/internal/pdp/service.go:188.3,189.1 1 0
registro-backend/internal/pdp/service.go:190.2,190.67 1 0
registro-backend/internal/pdp/service.go:191.3,192.1 1 0
registro-backend/internal/pdp/service.go:193.2,193.32 1 0
registro-backend/internal/pdp/service.go:198.2,198.80 1 1
registro-backend/internal/pdp/service.go:199.3,200.1 1 1
registro-backend/internal/pdp/service.go:201.2,202.31 2 1
registro-backend/internal/pdp/service.go:203.3,204.1 1 0
registro-backend/internal/pdp/service.go:205.2,205.111 1 1
registro-backend/internal/pdp/service.go:206.3,207.1 1 0
registro-backend/internal/pdp/service.go:208.2,208.27 1 1
registro-backend/internal/pdp/service.go:209.3,209.24 1 1
registro-backend/internal/pdp/service.go:210.4,211.33 2 1
registro-backend/internal/pdp/service.go:212.5,213.1 1 1
registro-backend/internal/pdp/service.go:216.2,216.28 1 1
registro-backend/internal/pdp/service.go:217.3,218.1 1 0
registro-backend/internal/pdp/service.go:219.2,219.34 1 1
registro-backend/internal/pdp/service.go:220.3,221.1 1 0
registro-backend/internal/pdp/service.go:222.2,222.49 1 1
registro-backend/internal/pdp/service.go:227.2,227.30 1 0
registro-backend/internal/pdp/service.go:228.3,229.1 1 0
registro-backend/internal/pdp/service.go:230.2,231.31 2 0
registro-backend/internal/pdp/service.go:232.3,233.1 1 0
registro-backend/internal/pdp/service.go:234.2,234.111 1 0
registro-backend/internal/pdp/service.go:235.3,236.1 1 0
registro-backend/internal/pdp/service.go:237.2,237.31 1 0
registro-backend/internal/pdp/service.go:243.2,243.14 1 1
registro-backend/internal/pdp/service.go:245.3,245.14 1 1
registro-backend/internal/pdp/service.go:247.2,247.14 1 1
registro-backend/internal/pdp/service.go:251.2,251.14 1 0
registro-backend/internal/pdp/service.go:253.3,253.14 1 0
registro-backend/internal/pdp/service.go:255.2,255.14 1 0
