mode: set
registro-backend/internal/auth/cie_handler.go:15.50,19.2 1 0
registro-backend/internal/auth/cie_handler.go:23.55,34.2 1 0
registro-backend/internal/auth/cie_handler.go:38.56,50.2 1 0
registro-backend/internal/auth/cie_handler.go:53.65,55.2 2 0
registro-backend/internal/auth/cie_handler.go:55.2,58.3 2 0
registro-backend/internal/auth/handler.go:15.44,19.2 1 1
registro-backend/internal/auth/handler.go:23.44,25.47 2 0
registro-backend/internal/auth/handler.go:25.47,28.3 2 0
registro-backend/internal/auth/handler.go:30.2,31.16 2 0
registro-backend/internal/auth/handler.go:31.16,33.35 2 0
registro-backend/internal/auth/handler.go:33.35,35.4 1 0
registro-backend/internal/auth/handler.go:35.9,35.66 1 0
registro-backend/internal/auth/handler.go:35.66,37.4 1 0
registro-backend/internal/auth/handler.go:38.3,39.9 2 0
registro-backend/internal/auth/handler.go:42.2,51.4 1 0
registro-backend/internal/auth/handler.go:56.41,58.47 2 1
registro-backend/internal/auth/handler.go:58.47,61.3 2 0
registro-backend/internal/auth/handler.go:63.2,71.16 4 1
registro-backend/internal/auth/handler.go:71.16,73.32 2 0
registro-backend/internal/auth/handler.go:73.32,75.4 1 0
registro-backend/internal/auth/handler.go:75.9,75.35 1 0
registro-backend/internal/auth/handler.go:75.35,77.4 1 0
registro-backend/internal/auth/handler.go:78.3,79.9 2 0
registro-backend/internal/auth/handler.go:82.2,82.33 1 1
registro-backend/internal/auth/handler.go:87.48,89.47 2 0
registro-backend/internal/auth/handler.go:89.47,92.3 2 0
registro-backend/internal/auth/handler.go:94.2,95.16 2 0
registro-backend/internal/auth/handler.go:95.16,99.3 3 0
registro-backend/internal/auth/handler.go:101.2,101.31 1 0
registro-backend/internal/auth/handler.go:106.42,108.47 2 1
registro-backend/internal/auth/handler.go:108.47,111.3 2 0
registro-backend/internal/auth/handler.go:113.2,113.80 1 1
registro-backend/internal/auth/handler.go:113.80,116.3 2 1
registro-backend/internal/auth/handler.go:118.2,118.76 1 1
registro-backend/internal/auth/handler.go:123.50,125.13 2 1
registro-backend/internal/auth/handler.go:125.13,128.3 2 1
registro-backend/internal/auth/handler.go:130.2,131.16 2 1
registro-backend/internal/auth/handler.go:131.16,134.3 2 1
registro-backend/internal/auth/handler.go:136.2,145.4 1 1
registro-backend/internal/auth/handler.go:150.44,152.13 2 0
registro-backend/internal/auth/handler.go:152.13,155.3 2 0
registro-backend/internal/auth/handler.go:157.2,158.16 2 0
registro-backend/internal/auth/handler.go:158.16,160.34 2 0
registro-backend/internal/auth/handler.go:160.34,162.4 1 0
registro-backend/internal/auth/handler.go:163.3,164.9 2 0
registro-backend/internal/auth/handler.go:167.2,167.33 1 0
registro-backend/internal/auth/handler.go:172.45,174.13 2 0
registro-backend/internal/auth/handler.go:174.13,177.3 2 0
registro-backend/internal/auth/handler.go:179.2,180.47 2 0
registro-backend/internal/auth/handler.go:180.47,183.3 2 0
registro-backend/internal/auth/handler.go:185.2,185.84 1 0
registro-backend/internal/auth/handler.go:185.84,188.3 2 0
registro-backend/internal/auth/handler.go:190.2,190.78 1 0
registro-backend/internal/auth/handler.go:195.56,197.47 2 0
registro-backend/internal/auth/handler.go:197.47,200.3 2 0
registro-backend/internal/auth/handler.go:202.2,202.87 1 0
registro-backend/internal/auth/handler.go:202.87,205.3 2 0
registro-backend/internal/auth/handler.go:207.2,207.78 1 0
registro-backend/internal/auth/handler.go:212.56,214.47 2 0
registro-backend/internal/auth/handler.go:214.47,217.3 2 0
registro-backend/internal/auth/handler.go:219.2,219.97 1 0
registro-backend/internal/auth/handler.go:219.97,221.29 2 0
registro-backend/internal/auth/handler.go:221.29,223.4 1 0
registro-backend/internal/auth/handler.go:223.9,223.40 1 0
registro-backend/internal/auth/handler.go:223.40,225.4 1 0
registro-backend/internal/auth/handler.go:226.3,227.9 2 0
registro-backend/internal/auth/handler.go:230.2,230.80 1 0
registro-backend/internal/auth/handler.go:234.83,236.2 2 0
registro-backend/internal/auth/handler.go:236.2,247.3 8 0
registro-backend/internal/auth/handler.go:247.3,252.4 4 0
registro-backend/internal/auth/mfa.go:18.47,22.2 1 1
registro-backend/internal/auth/mfa.go:25.55,28.16 3 0
registro-backend/internal/auth/mfa.go:28.16,30.3 1 0
registro-backend/internal/auth/mfa.go:31.2,31.55 1 0
registro-backend/internal/auth/mfa.go:35.69,43.2 1 0
registro-backend/internal/auth/mfa.go:46.59,48.2 1 0
registro-backend/internal/auth/mfa.go:51.73,53.29 2 0
registro-backend/internal/auth/mfa.go:53.29,55.17 2 0
registro-backend/internal/auth/mfa.go:55.17,57.4 1 0
registro-backend/internal/auth/mfa.go:58.3,58.18 1 0
registro-backend/internal/auth/mfa.go:60.2,60.19 1 0
registro-backend/internal/auth/mfa.go:63.53,67.16 4 0
registro-backend/internal/auth/mfa.go:67.16,69.3 1 0
registro-backend/internal/auth/mfa.go:70.2,70.19 1 0
registro-backend/internal/auth/mfa.go:70.19,72.3 1 0
registro-backend/internal/auth/mfa.go:73.2,73.23 1 0
registro-backend/internal/auth/middleware.go:21.91,26.2 1 0
registro-backend/internal/auth/middleware.go:29.53,30.30 1 0
registro-backend/internal/auth/middleware.go:30.30,32.23 2 0
registro-backend/internal/auth/middleware.go:32.23,36.4 3 0
registro-backend/internal/auth/middleware.go:39.3,40.46 2 0
registro-backend/internal/auth/middleware.go:40.46,44.4 3 0
registro-backend/internal/auth/middleware.go:46.3,48.17 3 0
registro-backend/internal/auth/middleware.go:48.17,52.4 3 0
registro-backend/internal/auth/middleware.go:55.3,55.24 1 0
registro-backend/internal/auth/middleware.go:55.24,57.18 2 0
registro-backend/internal/auth/middleware.go:57.18,61.5 3 0
registro-backend/internal/auth/middleware.go:62.4,62.17 1 0
registro-backend/internal/auth/middleware.go:62.17,66.5 3 0
registro-backend/internal/auth/middleware.go:70.3,75.11 5 0
registro-backend/internal/auth/middleware.go:80.74,81.30 1 0
registro-backend/internal/auth/middleware.go:81.30,83.14 2 0
registro-backend/internal/auth/middleware.go:83.14,87.4 3 0
registro-backend/internal/auth/middleware.go:89.3,90.44 2 0
registro-backend/internal/auth/middleware.go:90.44,91.57 1 0
registro-backend/internal/auth/middleware.go:91.57,94.5 2 0
registro-backend/internal/auth/middleware.go:97.3,98.12 2 0
registro-backend/internal/auth/middleware.go:103.47,105.13 2 1
registro-backend/internal/auth/middleware.go:105.13,107.3 1 1
registro-backend/internal/auth/middleware.go:108.2,108.30 1 1
registro-backend/internal/auth/middleware.go:112.49,114.13 2 0
registro-backend/internal/auth/middleware.go:114.13,116.3 1 0
registro-backend/internal/auth/middleware.go:117.2,117.28 1 0
registro-backend/internal/auth/middleware.go:121.49,123.13 2 0
registro-backend/internal/auth/middleware.go:123.13,125.3 1 0
registro-backend/internal/auth/middleware.go:126.2,126.32 1 0
registro-backend/internal/auth/middleware.go:140.96,146.2 5 0
registro-backend/internal/auth/repository.go:52.43,54.2 1 0
registro-backend/internal/auth/repository.go:56.72,73.2 8 0
registro-backend/internal/auth/repository.go:75.87,89.26 5 0
registro-backend/internal/auth/repository.go:89.26,91.3 1 0
registro-backend/internal/auth/repository.go:92.2,92.16 1 0
registro-backend/internal/auth/repository.go:92.16,94.3 1 0
registro-backend/internal/auth/repository.go:95.2,96.18 2 0
registro-backend/internal/auth/repository.go:99.81,113.26 5 0
registro-backend/internal/auth/repository.go:113.26,115.3 1 0
registro-backend/internal/auth/repository.go:116.2,116.16 1 0
registro-backend/internal/auth/repository.go:116.16,118.3 1 0
registro-backend/internal/auth/repository.go:119.2,120.18 2 0
registro-backend/internal/auth/repository.go:123.72,132.2 4 0
registro-backend/internal/auth/repository.go:134.80,139.2 4 0
registro-backend/internal/auth/repository.go:141.82,145.2 3 0
registro-backend/internal/auth/repository.go:147.75,151.2 3 0
registro-backend/internal/auth/repository.go:153.87,157.26 4 0
registro-backend/internal/auth/repository.go:157.26,159.3 1 0
registro-backend/internal/auth/repository.go:160.2,160.20 1 0
registro-backend/internal/auth/repository.go:163.100,166.16 3 0
registro-backend/internal/auth/repository.go:166.16,168.3 1 0
registro-backend/internal/auth/repository.go:169.2,171.29 2 0
registro-backend/internal/auth/repository.go:171.29,173.17 2 0
registro-backend/internal/auth/repository.go:173.17,175.4 1 0
registro-backend/internal/auth/repository.go:178.2,178.20 1 0
registro-backend/internal/auth/repository.go:181.103,184.16 3 0
registro-backend/internal/auth/repository.go:184.16,186.3 1 0
registro-backend/internal/auth/repository.go:187.2,190.18 3 0
registro-backend/internal/auth/repository.go:190.18,192.114 2 0
registro-backend/internal/auth/repository.go:192.114,194.4 1 0
registro-backend/internal/auth/repository.go:195.3,195.30 1 0
registro-backend/internal/auth/repository.go:197.2,197.26 1 0
registro-backend/internal/auth/repository.go:200.86,203.16 3 0
registro-backend/internal/auth/repository.go:203.16,205.3 1 0
registro-backend/internal/auth/repository.go:206.2,207.19 2 0
registro-backend/internal/auth/repository.go:207.19,209.3 1 0
registro-backend/internal/auth/repository.go:210.2,210.12 1 0
registro-backend/internal/auth/repository.go:213.89,227.2 6 0
registro-backend/internal/auth/repository.go:229.96,240.26 4 0
registro-backend/internal/auth/repository.go:240.26,242.3 1 0
registro-backend/internal/auth/repository.go:243.2,243.16 1 0
registro-backend/internal/auth/repository.go:246.84,250.2 3 0
registro-backend/internal/auth/repository.go:252.84,256.2 3 0
registro-backend/internal/auth/repository.go:258.101,271.2 6 0
registro-backend/internal/auth/repository.go:273.108,283.26 4 0
registro-backend/internal/auth/repository.go:283.26,285.3 1 0
registro-backend/internal/auth/repository.go:286.2,286.17 1 0
registro-backend/internal/auth/repository.go:289.87,293.2 3 0
registro-backend/internal/auth/repository.go:295.93,299.2 3 0
registro-backend/internal/auth/repository.go:301.91,308.2 3 0
registro-backend/internal/auth/repository.go:310.121,319.2 4 0
registro-backend/internal/auth/service.go:23.99,30.2 1 1
registro-backend/internal/auth/service.go:33.86,35.53 1 1
registro-backend/internal/auth/service.go:35.53,37.3 1 1
registro-backend/internal/auth/service.go:40.2,41.16 2 1
registro-backend/internal/auth/service.go:41.16,43.3 1 1
registro-backend/internal/auth/service.go:46.2,47.16 2 1
registro-backend/internal/auth/service.go:47.16,49.3 1 0
registro-backend/internal/auth/service.go:52.2,59.24 2 1
registro-backend/internal/auth/service.go:59.24,61.3 1 0
registro-backend/internal/auth/service.go:63.2,63.53 1 1
registro-backend/internal/auth/service.go:63.53,65.3 1 0
registro-backend/internal/auth/service.go:67.2,67.18 1 1
registro-backend/internal/auth/service.go:71.117,75.16 3 1
registro-backend/internal/auth/service.go:75.16,77.3 1 0
registro-backend/internal/auth/service.go:78.2,78.19 1 1
registro-backend/internal/auth/service.go:78.19,80.3 1 0
registro-backend/internal/auth/service.go:83.2,84.16 2 1
registro-backend/internal/auth/service.go:84.16,87.3 2 1
registro-backend/internal/auth/service.go:90.2,91.16 2 1
registro-backend/internal/auth/service.go:91.16,94.3 2 1
registro-backend/internal/auth/service.go:97.2,97.20 1 1
registro-backend/internal/auth/service.go:97.20,99.3 1 1
registro-backend/internal/auth/service.go:102.2,102.21 1 1
registro-backend/internal/auth/service.go:102.21,103.25 1 0
registro-backend/internal/auth/service.go:103.25,105.4 1 0
registro-backend/internal/auth/service.go:106.3,107.17 2 0
registro-backend/internal/auth/service.go:107.17,109.4 1 0
registro-backend/internal/auth/service.go:110.3,110.53 1 0
registro-backend/internal/auth/service.go:110.53,112.4 1 0
registro-backend/internal/auth/service.go:116.2,118.17 1 1
registro-backend/internal/auth/service.go:118.17,119.28 1 1
registro-backend/internal/auth/service.go:119.28,121.5 1 1
registro-backend/internal/auth/service.go:122.4,122.13 1 1
registro-backend/internal/auth/service.go:125.2,125.16 1 1
registro-backend/internal/auth/service.go:125.16,127.3 1 0
registro-backend/internal/auth/service.go:129.2,130.16 2 1
registro-backend/internal/auth/service.go:130.16,132.3 1 0
registro-backend/internal/auth/service.go:135.2,142.59 2 1
registro-backend/internal/auth/service.go:142.59,144.3 1 0
registro-backend/internal/auth/service.go:147.2,166.8 3 1
registro-backend/internal/auth/service.go:170.94,173.16 2 1
registro-backend/internal/auth/service.go:173.16,175.3 1 0
registro-backend/internal/auth/service.go:178.2,178.16 1 1
registro-backend/internal/auth/service.go:178.16,180.3 1 1
registro-backend/internal/auth/service.go:183.2,183.36 1 1
registro-backend/internal/auth/service.go:183.36,185.3 1 1
registro-backend/internal/auth/service.go:188.2,189.16 2 1
registro-backend/internal/auth/service.go:189.16,191.3 1 0
registro-backend/internal/auth/service.go:194.2,196.17 1 1
registro-backend/internal/auth/service.go:196.17,197.28 1 1
registro-backend/internal/auth/service.go:197.28,199.5 1 0
registro-backend/internal/auth/service.go:200.4,200.13 1 1
registro-backend/internal/auth/service.go:203.2,203.16 1 1
registro-backend/internal/auth/service.go:203.16,205.3 1 0
registro-backend/internal/auth/service.go:207.2,211.8 1 1
registro-backend/internal/auth/service.go:215.74,217.16 2 1
registro-backend/internal/auth/service.go:217.16,219.3 1 1
registro-backend/internal/auth/service.go:220.2,220.46 1 1
registro-backend/internal/auth/service.go:224.82,226.2 1 1
registro-backend/internal/auth/service.go:229.91,231.16 2 0
registro-backend/internal/auth/service.go:231.16,233.3 1 0
registro-backend/internal/auth/service.go:235.2,235.21 1 0
registro-backend/internal/auth/service.go:235.21,237.3 1 0
registro-backend/internal/auth/service.go:240.2,241.16 2 0
registro-backend/internal/auth/service.go:241.16,243.3 1 0
registro-backend/internal/auth/service.go:246.2,250.16 3 0
registro-backend/internal/auth/service.go:250.16,252.3 1 0
registro-backend/internal/auth/service.go:255.2,255.79 1 0
registro-backend/internal/auth/service.go:255.79,257.3 1 0
registro-backend/internal/auth/service.go:261.2,261.62 1 0
registro-backend/internal/auth/service.go:261.62,263.3 1 0
registro-backend/internal/auth/service.go:265.2,269.8 1 0
registro-backend/internal/auth/service.go:273.78,275.16 2 0
registro-backend/internal/auth/service.go:275.16,277.3 1 0
registro-backend/internal/auth/service.go:279.2,279.45 1 0
registro-backend/internal/auth/service.go:279.45,281.3 1 0
registro-backend/internal/auth/service.go:283.2,283.12 1 0
registro-backend/internal/auth/service.go:287.81,289.16 2 1
registro-backend/internal/auth/service.go:289.16,292.3 1 0
registro-backend/internal/auth/service.go:295.2,296.49 2 1
registro-backend/internal/auth/service.go:296.49,298.3 1 0
registro-backend/internal/auth/service.go:299.2,307.66 3 1
registro-backend/internal/auth/service.go:307.66,309.3 1 0
registro-backend/internal/auth/service.go:314.2,314.12 1 1
registro-backend/internal/auth/service.go:318.87,321.64 2 1
registro-backend/internal/auth/service.go:321.64,323.3 1 0
registro-backend/internal/auth/service.go:326.2,327.16 2 1
registro-backend/internal/auth/service.go:327.16,329.3 1 0
registro-backend/internal/auth/service.go:332.2,332.14 1 1
registro-backend/internal/auth/service.go:332.14,334.3 1 0
registro-backend/internal/auth/service.go:337.2,337.37 1 1
registro-backend/internal/auth/service.go:337.37,339.3 1 0
registro-backend/internal/auth/service.go:342.2,343.16 2 1
registro-backend/internal/auth/service.go:343.16,345.3 1 0
registro-backend/internal/auth/service.go:348.2,348.85 1 1
registro-backend/internal/auth/service.go:348.85,350.3 1 0
registro-backend/internal/auth/service.go:353.2,353.66 1 1
registro-backend/internal/auth/service.go:353.66,355.3 1 0
registro-backend/internal/auth/service.go:358.2,360.12 2 1
registro-backend/internal/auth/service.go:363.85,371.2 2 1
registro-backend/internal/auth/service.go:373.89,381.2 2 1
registro-backend/internal/auth/spid_handler.go:16.52,20.2 1 0
registro-backend/internal/auth/spid_handler.go:24.57,34.2 1 0
registro-backend/internal/auth/spid_handler.go:38.58,51.2 1 0
registro-backend/internal/auth/spid_handler.go:54.67,56.2 2 0
registro-backend/internal/auth/spid_handler.go:56.2,59.3 2 0
registro-backend/internal/auth/validator.go:18.48,26.2 1 1
registro-backend/internal/auth/validator.go:29.61,30.33 1 1
registro-backend/internal/auth/validator.go:30.33,32.3 1 1
registro-backend/internal/auth/validator.go:34.2,41.32 2 1
registro-backend/internal/auth/validator.go:41.32,42.10 1 1
registro-backend/internal/auth/validator.go:43.30,44.19 1 1
registro-backend/internal/auth/validator.go:45.30,46.19 1 1
registro-backend/internal/auth/validator.go:47.30,48.20 1 1
registro-backend/internal/auth/validator.go:49.56,50.21 1 1
registro-backend/internal/auth/validator.go:54.2,54.33 1 1
registro-backend/internal/auth/validator.go:54.33,56.3 1 0
registro-backend/internal/auth/validator.go:57.2,57.33 1 1
registro-backend/internal/auth/validator.go:57.33,59.3 1 0
registro-backend/internal/auth/validator.go:60.2,60.35 1 1
registro-backend/internal/auth/validator.go:60.35,62.3 1 0
registro-backend/internal/auth/validator.go:63.2,63.37 1 1
registro-backend/internal/auth/validator.go:63.37,65.3 1 0
registro-backend/internal/auth/validator.go:67.2,67.12 1 1
registro-backend/internal/auth/validator.go:76.42,80.2 1 1
registro-backend/internal/auth/validator.go:83.55,84.38 1 1
registro-backend/internal/auth/validator.go:84.38,86.3 1 0
registro-backend/internal/auth/validator.go:87.2,87.12 1 1
registro-backend/internal/auth/validator.go:91.58,93.59 2 1
registro-backend/internal/auth/validator.go:93.59,95.3 1 0
registro-backend/internal/auth/validator.go:97.2,98.65 2 1
registro-backend/internal/auth/validator.go:98.65,100.3 1 1
registro-backend/internal/auth/validator.go:102.2,102.47 1 1
registro-backend/internal/auth/validator.go:102.47,104.3 1 0
registro-backend/internal/auth/validator.go:106.2,114.27 2 1
registro-backend/internal/auth/validator.go:114.27,116.3 1 0
registro-backend/internal/auth/validator.go:118.2,118.12 1 1
