mode: set
registro-backend/internal/users/exporter.go:14.30,16.2 1 1
registro-backend/internal/users/exporter.go:18.73,19.20 1 1
registro-backend/internal/users/exporter.go:19.20,21.3 1 0
registro-backend/internal/users/exporter.go:23.2,28.25 4 1
registro-backend/internal/users/exporter.go:28.25,30.3 1 1
registro-backend/internal/users/exporter.go:31.2,31.41 1 1
registro-backend/internal/users/exporter.go:31.41,33.3 1 0
registro-backend/internal/users/exporter.go:36.2,36.27 1 1
registro-backend/internal/users/exporter.go:36.27,38.29 2 1
registro-backend/internal/users/exporter.go:38.29,41.4 2 1
registro-backend/internal/users/exporter.go:42.3,42.41 1 1
registro-backend/internal/users/exporter.go:42.41,44.4 1 0
registro-backend/internal/users/exporter.go:47.2,48.25 2 1
registro-backend/internal/users/exporter.go:51.74,55.20 3 0
registro-backend/internal/users/exporter.go:55.20,58.3 2 0
registro-backend/internal/users/exporter.go:61.2,62.25 2 0
registro-backend/internal/users/exporter.go:62.25,64.3 1 0
registro-backend/internal/users/exporter.go:66.2,66.28 1 0
registro-backend/internal/users/exporter.go:66.28,69.3 2 0
registro-backend/internal/users/exporter.go:72.2,72.27 1 0
registro-backend/internal/users/exporter.go:72.27,73.29 1 0
registro-backend/internal/users/exporter.go:73.29,76.4 2 0
registro-backend/internal/users/exporter.go:79.2,80.16 2 0
registro-backend/internal/users/exporter.go:80.16,82.3 1 0
registro-backend/internal/users/exporter.go:83.2,83.25 1 0
registro-backend/internal/users/exporter.go:86.74,88.2 1 0
registro-backend/internal/users/gdpr.go:15.51,17.2 1 1
registro-backend/internal/users/gdpr.go:22.52,42.2 16 1
registro-backend/internal/users/gdpr.go:45.94,60.2 1 1
registro-backend/internal/users/handler.go:14.44,16.2 1 0
registro-backend/internal/users/handler.go:19.42,21.13 2 0
registro-backend/internal/users/handler.go:21.13,23.3 1 0
registro-backend/internal/users/handler.go:24.2,24.22 1 0
registro-backend/internal/users/handler.go:27.40,29.13 2 0
registro-backend/internal/users/handler.go:29.13,31.3 1 0
registro-backend/internal/users/handler.go:32.2,32.20 1 0
registro-backend/internal/users/handler.go:36.42,38.47 2 0
registro-backend/internal/users/handler.go:38.47,41.3 2 0
registro-backend/internal/users/handler.go:43.2,44.16 2 0
registro-backend/internal/users/handler.go:44.16,45.29 1 0
registro-backend/internal/users/handler.go:45.29,48.4 2 0
registro-backend/internal/users/handler.go:49.3,50.9 2 0
registro-backend/internal/users/handler.go:52.2,52.34 1 0
registro-backend/internal/users/handler.go:57.40,63.23 5 0
registro-backend/internal/users/handler.go:63.23,66.3 2 0
registro-backend/internal/users/handler.go:68.2,70.20 3 0
registro-backend/internal/users/handler.go:70.20,72.3 1 0
registro-backend/internal/users/handler.go:74.2,87.16 3 0
registro-backend/internal/users/handler.go:87.16,88.29 1 0
registro-backend/internal/users/handler.go:88.29,91.4 2 0
registro-backend/internal/users/handler.go:92.3,93.9 2 0
registro-backend/internal/users/handler.go:96.2,102.4 1 0
registro-backend/internal/users/handler.go:106.39,108.16 2 0
registro-backend/internal/users/handler.go:108.16,109.29 1 0
registro-backend/internal/users/handler.go:109.29,112.4 2 0
registro-backend/internal/users/handler.go:113.3,114.9 2 0
registro-backend/internal/users/handler.go:116.2,116.45 1 0
registro-backend/internal/users/handler.go:120.42,122.47 2 0
registro-backend/internal/users/handler.go:122.47,125.3 2 0
registro-backend/internal/users/handler.go:127.2,128.16 2 0
registro-backend/internal/users/handler.go:128.16,131.3 2 0
registro-backend/internal/users/handler.go:132.2,132.45 1 0
registro-backend/internal/users/handler.go:136.42,137.98 1 0
registro-backend/internal/users/handler.go:137.98,140.3 2 0
registro-backend/internal/users/handler.go:141.2,141.32 1 0
registro-backend/internal/users/handler.go:145.43,146.99 1 0
registro-backend/internal/users/handler.go:146.99,149.3 2 0
registro-backend/internal/users/handler.go:150.2,150.58 1 0
registro-backend/internal/users/handler.go:154.46,156.16 2 0
registro-backend/internal/users/handler.go:156.16,159.3 2 0
registro-backend/internal/users/handler.go:160.2,163.16 3 0
registro-backend/internal/users/handler.go:163.16,166.3 2 0
registro-backend/internal/users/handler.go:167.2,167.28 1 0
registro-backend/internal/users/handler.go:171.50,173.47 2 0
registro-backend/internal/users/handler.go:173.47,176.3 2 0
registro-backend/internal/users/handler.go:181.2,183.55 3 0
registro-backend/internal/users/handler.go:183.55,186.3 2 0
registro-backend/internal/users/handler.go:188.2,188.85 1 0
registro-backend/internal/users/handler.go:188.85,191.3 2 0
registro-backend/internal/users/handler.go:192.2,192.61 1 0
registro-backend/internal/users/handler.go:196.54,200.48 2 0
registro-backend/internal/users/handler.go:200.48,203.3 2 0
registro-backend/internal/users/handler.go:205.2,205.119 1 0
registro-backend/internal/users/handler.go:205.119,208.3 2 0
registro-backend/internal/users/handler.go:209.2,209.59 1 0
registro-backend/internal/users/handler.go:213.47,215.47 2 0
registro-backend/internal/users/handler.go:215.47,218.3 2 0
registro-backend/internal/users/handler.go:221.2,224.16 2 0
registro-backend/internal/users/handler.go:224.16,227.3 2 0
registro-backend/internal/users/handler.go:229.2,229.45 1 0
registro-backend/internal/users/handler.go:233.47,235.16 2 0
registro-backend/internal/users/handler.go:235.16,238.3 2 0
registro-backend/internal/users/handler.go:239.2,239.60 1 0
registro-backend/internal/users/handler.go:243.46,245.16 2 0
registro-backend/internal/users/handler.go:245.16,248.3 2 0
registro-backend/internal/users/handler.go:249.2,249.29 1 0
registro-backend/internal/users/handler.go:253.46,254.98 1 0
registro-backend/internal/users/handler.go:254.98,257.3 2 0
registro-backend/internal/users/handler.go:258.2,258.63 1 0
registro-backend/internal/users/handler.go:262.46,263.98 1 0
registro-backend/internal/users/handler.go:263.98,266.3 2 0
registro-backend/internal/users/handler.go:267.2,267.57 1 0
registro-backend/internal/users/handler.go:271.49,273.19 2 0
registro-backend/internal/users/handler.go:273.19,276.3 2 0
registro-backend/internal/users/handler.go:278.2,279.16 2 0
registro-backend/internal/users/handler.go:279.16,282.3 2 0
registro-backend/internal/users/handler.go:283.2,283.33 1 0
registro-backend/internal/users/handler.go:287.43,297.2 1 0
registro-backend/internal/users/handler.go:299.51,301.26 2 0
registro-backend/internal/users/handler.go:301.26,303.3 1 0
registro-backend/internal/users/handler.go:304.2,304.12 1 0
registro-backend/internal/users/importer.go:20.30,24.2 1 1
registro-backend/internal/users/importer.go:26.94,27.41 1 0
registro-backend/internal/users/importer.go:27.41,29.3 1 0
registro-backend/internal/users/importer.go:29.8,29.49 1 0
registro-backend/internal/users/importer.go:29.49,31.3 1 0
registro-backend/internal/users/importer.go:32.2,32.56 1 0
registro-backend/internal/users/importer.go:35.68,38.16 3 0
registro-backend/internal/users/importer.go:38.16,40.3 1 0
registro-backend/internal/users/importer.go:42.2,42.19 1 0
registro-backend/internal/users/importer.go:42.19,44.3 1 0
registro-backend/internal/users/importer.go:46.2,46.32 1 0
registro-backend/internal/users/importer.go:49.69,51.16 2 0
registro-backend/internal/users/importer.go:51.16,53.3 1 0
registro-backend/internal/users/importer.go:54.2,58.16 3 0
registro-backend/internal/users/importer.go:58.16,60.3 1 0
registro-backend/internal/users/importer.go:62.2,62.19 1 0
registro-backend/internal/users/importer.go:62.19,64.3 1 0
registro-backend/internal/users/importer.go:66.2,66.32 1 0
registro-backend/internal/users/importer.go:69.75,73.29 3 0
registro-backend/internal/users/importer.go:73.29,74.19 1 0
registro-backend/internal/users/importer.go:74.19,76.12 2 0
registro-backend/internal/users/importer.go:80.3,87.51 6 0
registro-backend/internal/users/importer.go:87.51,89.12 2 0
registro-backend/internal/users/importer.go:91.3,91.50 1 0
registro-backend/internal/users/importer.go:91.50,93.12 2 0
registro-backend/internal/users/importer.go:98.3,111.5 2 0
registro-backend/internal/users/importer.go:114.2,114.27 1 0
registro-backend/internal/users/repository.go:61.108,73.16 3 0
registro-backend/internal/users/repository.go:73.16,75.3 1 0
registro-backend/internal/users/repository.go:76.2,79.18 3 0
registro-backend/internal/users/repository.go:79.18,81.105 2 0
registro-backend/internal/users/repository.go:81.105,83.4 1 0
registro-backend/internal/users/repository.go:84.3,84.33 1 0
registro-backend/internal/users/repository.go:86.2,86.22 1 0
registro-backend/internal/users/repository.go:89.43,91.2 1 0
registro-backend/internal/users/repository.go:93.76,95.16 2 0
registro-backend/internal/users/repository.go:95.16,97.3 1 0
registro-backend/internal/users/repository.go:101.2,118.16 3 0
registro-backend/internal/users/repository.go:118.16,119.39 1 0
registro-backend/internal/users/repository.go:119.39,120.29 1 0
registro-backend/internal/users/repository.go:120.29,121.49 1 0
registro-backend/internal/users/repository.go:121.49,124.6 2 0
registro-backend/internal/users/repository.go:125.5,125.55 1 0
registro-backend/internal/users/repository.go:125.55,128.6 2 0
registro-backend/internal/users/repository.go:131.3,132.13 2 0
registro-backend/internal/users/repository.go:136.2,136.52 1 0
registro-backend/internal/users/repository.go:136.52,139.17 3 0
registro-backend/internal/users/repository.go:139.17,142.4 2 0
registro-backend/internal/users/repository.go:145.2,145.20 1 0
registro-backend/internal/users/repository.go:148.85,167.26 5 0
registro-backend/internal/users/repository.go:167.26,169.3 1 0
registro-backend/internal/users/repository.go:170.2,171.22 2 0
registro-backend/internal/users/repository.go:171.22,173.3 1 0
registro-backend/internal/users/repository.go:173.8,173.32 1 0
registro-backend/internal/users/repository.go:173.32,175.3 1 0
registro-backend/internal/users/repository.go:176.2,176.16 1 0
registro-backend/internal/users/repository.go:179.91,185.26 4 0
registro-backend/internal/users/repository.go:185.26,187.3 1 0
registro-backend/internal/users/repository.go:188.2,188.16 1 0
registro-backend/internal/users/repository.go:191.76,193.16 2 0
registro-backend/internal/users/repository.go:193.16,195.3 1 0
registro-backend/internal/users/repository.go:196.2,211.16 4 0
registro-backend/internal/users/repository.go:211.16,213.3 1 0
registro-backend/internal/users/repository.go:214.2,215.15 2 0
registro-backend/internal/users/repository.go:215.15,217.3 1 0
registro-backend/internal/users/repository.go:220.2,220.52 1 0
registro-backend/internal/users/repository.go:220.52,231.17 3 0
registro-backend/internal/users/repository.go:231.17,233.4 1 0
registro-backend/internal/users/repository.go:236.2,236.20 1 0
registro-backend/internal/users/repository.go:239.75,242.16 3 0
registro-backend/internal/users/repository.go:242.16,244.3 1 0
registro-backend/internal/users/repository.go:245.2,246.15 2 0
registro-backend/internal/users/repository.go:246.15,248.3 1 0
registro-backend/internal/users/repository.go:249.2,249.12 1 0
registro-backend/internal/users/repository.go:252.76,255.16 3 0
registro-backend/internal/users/repository.go:255.16,257.3 1 0
registro-backend/internal/users/repository.go:258.2,259.15 2 0
registro-backend/internal/users/repository.go:259.15,261.3 1 0
registro-backend/internal/users/repository.go:262.2,262.12 1 0
registro-backend/internal/users/repository.go:265.96,323.23 5 0
registro-backend/internal/users/repository.go:323.23,326.3 2 0
registro-backend/internal/users/repository.go:327.2,327.23 1 0
registro-backend/internal/users/repository.go:327.23,332.3 4 0
registro-backend/internal/users/repository.go:333.2,333.34 1 0
registro-backend/internal/users/repository.go:333.34,335.38 2 0
registro-backend/internal/users/repository.go:335.38,339.4 3 0
registro-backend/internal/users/repository.go:340.3,341.79 2 0
registro-backend/internal/users/repository.go:343.2,343.28 1 0
registro-backend/internal/users/repository.go:343.28,348.3 4 0
registro-backend/internal/users/repository.go:349.2,349.28 1 0
registro-backend/internal/users/repository.go:349.28,354.3 4 0
registro-backend/internal/users/repository.go:355.2,355.24 1 0
registro-backend/internal/users/repository.go:355.24,361.3 5 0
registro-backend/internal/users/repository.go:364.2,366.16 3 0
registro-backend/internal/users/repository.go:366.16,368.3 1 0
registro-backend/internal/users/repository.go:371.2,372.25 2 0
registro-backend/internal/users/repository.go:372.25,374.24 1 0
registro-backend/internal/users/repository.go:375.20,376.26 1 0
registro-backend/internal/users/repository.go:377.16,378.22 1 0
registro-backend/internal/users/repository.go:379.15,380.21 1 0
registro-backend/internal/users/repository.go:381.21,382.24 1 0
registro-backend/internal/users/repository.go:385.2,386.48 2 0
registro-backend/internal/users/repository.go:386.48,388.3 1 0
registro-backend/internal/users/repository.go:390.2,394.16 4 0
registro-backend/internal/users/repository.go:394.16,396.3 1 0
registro-backend/internal/users/repository.go:397.2,400.18 3 0
registro-backend/internal/users/repository.go:400.18,407.17 3 0
registro-backend/internal/users/repository.go:407.17,409.4 1 0
registro-backend/internal/users/repository.go:411.3,414.23 2 0
registro-backend/internal/users/repository.go:414.23,416.4 1 0
registro-backend/internal/users/repository.go:416.9,416.33 1 0
registro-backend/internal/users/repository.go:416.33,418.4 1 0
registro-backend/internal/users/repository.go:420.3,420.27 1 0
registro-backend/internal/users/repository.go:423.2,423.26 1 0
registro-backend/internal/users/repository.go:426.91,427.19 1 0
registro-backend/internal/users/repository.go:427.19,429.3 1 0
registro-backend/internal/users/repository.go:431.2,433.25 3 0
registro-backend/internal/users/repository.go:433.25,436.3 2 0
registro-backend/internal/users/repository.go:437.2,440.16 3 0
registro-backend/internal/users/repository.go:440.16,442.3 1 0
registro-backend/internal/users/repository.go:443.2,446.18 3 0
registro-backend/internal/users/repository.go:446.18,448.88 2 0
registro-backend/internal/users/repository.go:448.88,450.4 1 0
registro-backend/internal/users/repository.go:451.3,451.27 1 0
registro-backend/internal/users/repository.go:453.2,453.19 1 0
registro-backend/internal/users/repository.go:456.79,459.2 2 0
registro-backend/internal/users/repository.go:461.81,467.2 2 0
registro-backend/internal/users/repository.go:469.123,480.16 5 0
registro-backend/internal/users/repository.go:480.16,482.3 1 0
registro-backend/internal/users/repository.go:483.2,485.18 2 0
registro-backend/internal/users/repository.go:485.18,489.3 3 0
registro-backend/internal/users/repository.go:490.2,490.25 1 0
registro-backend/internal/users/repository.go:493.99,495.16 2 0
registro-backend/internal/users/repository.go:495.16,497.3 1 0
registro-backend/internal/users/repository.go:498.2,502.16 3 0
registro-backend/internal/users/repository.go:502.16,504.3 1 0
registro-backend/internal/users/repository.go:505.2,510.26 4 0
registro-backend/internal/users/repository.go:510.26,512.17 2 0
registro-backend/internal/users/repository.go:512.17,514.12 2 0
registro-backend/internal/users/repository.go:516.3,516.10 1 0
registro-backend/internal/users/repository.go:519.2,519.49 1 0
registro-backend/internal/users/repository.go:519.49,521.3 1 0
registro-backend/internal/users/repository.go:523.2,523.36 1 0
registro-backend/internal/users/repository.go:523.36,525.3 1 0
registro-backend/internal/users/repository.go:527.2,527.25 1 0
registro-backend/internal/users/repository.go:530.115,562.16 4 0
registro-backend/internal/users/repository.go:562.16,564.3 1 0
registro-backend/internal/users/repository.go:565.2,565.20 1 0
registro-backend/internal/users/repository.go:568.85,572.26 4 0
registro-backend/internal/users/repository.go:572.26,574.3 1 0
registro-backend/internal/users/repository.go:575.2,575.16 1 0
registro-backend/internal/users/repository.go:575.16,577.3 1 0
registro-backend/internal/users/repository.go:578.2,578.22 1 0
registro-backend/internal/users/service.go:30.43,39.2 1 1
registro-backend/internal/users/service.go:42.107,43.69 1 1
registro-backend/internal/users/service.go:43.69,45.3 1 1
registro-backend/internal/users/service.go:47.2,47.53 1 1
registro-backend/internal/users/service.go:47.53,49.3 1 0
registro-backend/internal/users/service.go:50.2,50.49 1 1
registro-backend/internal/users/service.go:50.49,52.3 1 1
registro-backend/internal/users/service.go:54.2,55.16 2 1
registro-backend/internal/users/service.go:55.16,57.3 1 0
registro-backend/internal/users/service.go:59.2,76.49 2 1
registro-backend/internal/users/service.go:76.49,78.3 1 0
registro-backend/internal/users/service.go:81.2,90.18 2 1
registro-backend/internal/users/service.go:93.93,95.2 1 1
registro-backend/internal/users/service.go:97.97,99.2 1 1
registro-backend/internal/users/service.go:101.92,102.67 1 1
registro-backend/internal/users/service.go:102.67,104.3 1 1
registro-backend/internal/users/service.go:105.2,105.32 1 1
registro-backend/internal/users/service.go:108.108,109.67 1 1
registro-backend/internal/users/service.go:109.67,111.3 1 1
registro-backend/internal/users/service.go:114.2,114.31 1 1
registro-backend/internal/users/service.go:114.31,116.3 1 1
registro-backend/internal/users/service.go:120.2,120.33 1 1
registro-backend/internal/users/service.go:123.118,124.69 1 1
registro-backend/internal/users/service.go:124.69,126.3 1 1
registro-backend/internal/users/service.go:128.2,129.16 2 1
registro-backend/internal/users/service.go:129.16,131.3 1 0
registro-backend/internal/users/service.go:133.2,133.26 1 1
registro-backend/internal/users/service.go:133.26,135.3 1 1
registro-backend/internal/users/service.go:136.2,136.25 1 1
registro-backend/internal/users/service.go:136.25,138.3 1 0
registro-backend/internal/users/service.go:139.2,139.28 1 1
registro-backend/internal/users/service.go:139.28,141.3 1 0
registro-backend/internal/users/service.go:142.2,142.25 1 1
registro-backend/internal/users/service.go:142.25,144.3 1 0
registro-backend/internal/users/service.go:145.2,145.25 1 1
registro-backend/internal/users/service.go:145.25,147.3 1 0
registro-backend/internal/users/service.go:148.2,148.21 1 1
registro-backend/internal/users/service.go:148.21,150.3 1 0
registro-backend/internal/users/service.go:151.2,151.25 1 1
registro-backend/internal/users/service.go:151.25,153.3 1 0
registro-backend/internal/users/service.go:154.2,154.24 1 1
registro-backend/internal/users/service.go:154.24,156.3 1 0
registro-backend/internal/users/service.go:157.2,157.27 1 1
registro-backend/internal/users/service.go:157.27,158.55 1 0
registro-backend/internal/users/service.go:158.55,160.4 1 0
registro-backend/internal/users/service.go:161.3,161.50 1 0
registro-backend/internal/users/service.go:164.2,164.49 1 1
registro-backend/internal/users/service.go:164.49,166.3 1 0
registro-backend/internal/users/service.go:168.2,168.18 1 1
registro-backend/internal/users/service.go:171.79,172.69 1 1
registro-backend/internal/users/service.go:172.69,174.3 1 1
registro-backend/internal/users/service.go:175.2,175.31 1 1
registro-backend/internal/users/service.go:178.80,179.69 1 1
registro-backend/internal/users/service.go:179.69,181.3 1 1
registro-backend/internal/users/service.go:182.2,182.32 1 1
registro-backend/internal/users/service.go:185.103,187.16 2 1
registro-backend/internal/users/service.go:187.16,189.3 1 0
registro-backend/internal/users/service.go:192.2,192.110 1 1
registro-backend/internal/users/service.go:192.110,194.3 1 1
registro-backend/internal/users/service.go:196.2,196.52 1 1
registro-backend/internal/users/service.go:196.52,198.3 1 0
registro-backend/internal/users/service.go:200.2,203.33 3 1
registro-backend/internal/users/service.go:206.99,207.69 1 0
registro-backend/internal/users/service.go:207.69,209.3 1 0
registro-backend/internal/users/service.go:211.2,212.16 2 0
registro-backend/internal/users/service.go:212.16,214.3 1 0
registro-backend/internal/users/service.go:216.2,219.33 3 0
registro-backend/internal/users/service.go:223.130,224.69 1 0
registro-backend/internal/users/service.go:224.69,226.3 1 0
registro-backend/internal/users/service.go:228.2,229.16 2 0
registro-backend/internal/users/service.go:229.16,231.3 1 0
registro-backend/internal/users/service.go:233.2,234.16 2 0
registro-backend/internal/users/service.go:234.16,236.3 1 0
registro-backend/internal/users/service.go:238.2,244.20 2 0
registro-backend/internal/users/service.go:248.120,249.69 1 1
registro-backend/internal/users/service.go:249.69,251.3 1 1
registro-backend/internal/users/service.go:253.2,254.16 2 1
registro-backend/internal/users/service.go:254.16,256.3 1 0
registro-backend/internal/users/service.go:259.2,260.26 2 1
registro-backend/internal/users/service.go:260.26,270.3 1 1
registro-backend/internal/users/service.go:272.2,272.16 1 1
registro-backend/internal/users/service.go:273.13,274.32 1 1
registro-backend/internal/users/service.go:275.14,276.33 1 0
registro-backend/internal/users/service.go:277.14,278.33 1 0
registro-backend/internal/users/service.go:279.10,280.47 1 0
registro-backend/internal/users/service.go:285.83,286.69 1 1
registro-backend/internal/users/service.go:286.69,288.3 1 1
registro-backend/internal/users/service.go:289.2,290.16 2 1
registro-backend/internal/users/service.go:290.16,292.3 1 0
registro-backend/internal/users/service.go:293.2,295.33 3 1
registro-backend/internal/users/service.go:299.113,304.16 2 1
registro-backend/internal/users/service.go:304.16,306.3 1 0
registro-backend/internal/users/service.go:308.2,309.51 2 1
registro-backend/internal/users/service.go:312.83,313.69 1 1
registro-backend/internal/users/service.go:313.69,315.3 1 0
registro-backend/internal/users/service.go:317.2,318.16 2 1
registro-backend/internal/users/service.go:318.16,320.3 1 0
registro-backend/internal/users/service.go:322.2,324.33 2 1
registro-backend/internal/users/validator.go:12.32,14.2 1 1
registro-backend/internal/users/validator.go:17.60,26.24 2 1
registro-backend/internal/users/validator.go:26.24,28.3 1 1
registro-backend/internal/users/validator.go:30.2,30.32 1 1
registro-backend/internal/users/validator.go:30.32,31.10 1 1
registro-backend/internal/users/validator.go:32.30,33.19 1 1
registro-backend/internal/users/validator.go:34.30,35.19 1 1
registro-backend/internal/users/validator.go:36.31,37.20 1 1
registro-backend/internal/users/validator.go:38.56,39.21 1 1
registro-backend/internal/users/validator.go:43.2,43.69 1 1
registro-backend/internal/users/validator.go:47.56,53.2 3 1
registro-backend/internal/users/validator.go:55.41,57.2 1 1
registro-backend/internal/users/validator.go:59.39,61.2 1 1
