mode: set
registro-backend/internal/classes/handler.go:13.44,15.2 1 0
registro-backend/internal/classes/handler.go:18.41,20.13 2 0
registro-backend/internal/classes/handler.go:20.13,22.3 1 0
registro-backend/internal/classes/handler.go:23.2,23.21 1 0
registro-backend/internal/classes/handler.go:26.42,28.47 2 0
registro-backend/internal/classes/handler.go:28.47,31.3 2 0
registro-backend/internal/classes/handler.go:34.2,37.20 2 0
registro-backend/internal/classes/handler.go:37.20,39.3 1 0
registro-backend/internal/classes/handler.go:41.2,41.20 1 0
registro-backend/internal/classes/handler.go:41.20,44.3 2 0
registro-backend/internal/classes/handler.go:46.2,47.16 2 0
registro-backend/internal/classes/handler.go:47.16,50.3 2 0
registro-backend/internal/classes/handler.go:51.2,51.35 1 0
registro-backend/internal/classes/handler.go:54.40,59.20 2 0
registro-backend/internal/classes/handler.go:59.20,61.3 1 0
registro-backend/internal/classes/handler.go:67.2,67.20 1 0
registro-backend/internal/classes/handler.go:67.20,70.3 2 0
registro-backend/internal/classes/handler.go:72.2,73.16 2 0
registro-backend/internal/classes/handler.go:73.16,76.3 2 0
registro-backend/internal/classes/handler.go:77.2,77.32 1 0
registro-backend/internal/classes/handler.go:80.39,82.16 2 0
registro-backend/internal/classes/handler.go:82.16,85.3 2 0
registro-backend/internal/classes/handler.go:86.2,86.30 1 0
registro-backend/internal/classes/handler.go:89.42,91.47 2 0
registro-backend/internal/classes/handler.go:91.47,94.3 2 0
registro-backend/internal/classes/handler.go:96.2,97.16 2 0
registro-backend/internal/classes/handler.go:97.16,100.3 2 0
registro-backend/internal/classes/handler.go:101.2,101.30 1 0
registro-backend/internal/classes/handler.go:104.42,105.82 1 0
registro-backend/internal/classes/handler.go:105.82,108.3 2 0
registro-backend/internal/classes/handler.go:109.2,109.32 1 0
registro-backend/internal/classes/handler.go:112.53,115.13 2 0
registro-backend/internal/classes/handler.go:115.13,126.21 2 0
registro-backend/internal/classes/handler.go:126.21,129.4 1 0
registro-backend/internal/classes/handler.go:133.2,134.13 2 0
registro-backend/internal/classes/handler.go:134.13,137.3 2 0
registro-backend/internal/classes/handler.go:139.2,140.16 2 0
registro-backend/internal/classes/handler.go:140.16,143.3 2 0
registro-backend/internal/classes/handler.go:144.2,144.32 1 0
registro-backend/internal/classes/handler.go:147.49,149.47 2 0
registro-backend/internal/classes/handler.go:149.47,152.3 2 0
registro-backend/internal/classes/handler.go:153.2,153.89 1 0
registro-backend/internal/classes/handler.go:153.89,156.3 2 0
registro-backend/internal/classes/handler.go:157.2,157.30 1 0
registro-backend/internal/classes/handler.go:160.52,162.16 2 0
registro-backend/internal/classes/handler.go:162.16,165.3 2 0
registro-backend/internal/classes/handler.go:166.2,166.28 1 0
registro-backend/internal/classes/handler.go:169.49,170.94 1 0
registro-backend/internal/classes/handler.go:170.94,173.3 2 0
registro-backend/internal/classes/handler.go:174.2,174.32 1 0
registro-backend/internal/classes/handler.go:177.55,179.2 2 0
registro-backend/internal/classes/handler.go:179.2,190.3 8 0
registro-backend/internal/classes/handler.go:193.2,193.49 1 0
registro-backend/internal/classes/repository.go:28.43,30.2 1 0
registro-backend/internal/classes/repository.go:34.139,36.22 1 0
registro-backend/internal/classes/repository.go:36.22,40.17 4 0
registro-backend/internal/classes/repository.go:40.17,42.4 1 0
registro-backend/internal/classes/repository.go:46.2,51.12 4 0
registro-backend/internal/classes/repository.go:54.94,57.2 2 0
registro-backend/internal/classes/repository.go:59.108,70.16 3 0
registro-backend/internal/classes/repository.go:70.16,72.3 1 0
registro-backend/internal/classes/repository.go:73.2,76.18 3 0
registro-backend/internal/classes/repository.go:76.18,82.17 4 0
registro-backend/internal/classes/repository.go:82.17,84.4 1 0
registro-backend/internal/classes/repository.go:85.3,85.17 1 0
registro-backend/internal/classes/repository.go:85.17,87.4 1 0
registro-backend/internal/classes/repository.go:88.3,88.32 1 0
registro-backend/internal/classes/repository.go:90.2,90.21 1 0
registro-backend/internal/classes/repository.go:95.104,106.16 3 0
registro-backend/internal/classes/repository.go:106.16,108.3 1 0
registro-backend/internal/classes/repository.go:109.2,112.18 3 0
registro-backend/internal/classes/repository.go:112.18,115.129 3 0
registro-backend/internal/classes/repository.go:115.129,117.4 1 0
registro-backend/internal/classes/repository.go:118.3,119.31 2 0
registro-backend/internal/classes/repository.go:121.2,121.21 1 0
registro-backend/internal/classes/repository.go:124.74,136.2 6 0
registro-backend/internal/classes/repository.go:138.90,142.16 3 0
registro-backend/internal/classes/repository.go:142.16,144.3 1 0
registro-backend/internal/classes/repository.go:145.2,148.18 3 0
registro-backend/internal/classes/repository.go:148.18,151.129 3 0
registro-backend/internal/classes/repository.go:151.129,153.4 1 0
registro-backend/internal/classes/repository.go:154.3,155.31 2 0
registro-backend/internal/classes/repository.go:157.2,157.21 1 0
registro-backend/internal/classes/repository.go:160.82,166.16 5 0
registro-backend/internal/classes/repository.go:166.16,168.3 1 0
registro-backend/internal/classes/repository.go:169.2,170.16 2 0
registro-backend/internal/classes/repository.go:173.74,180.16 4 0
registro-backend/internal/classes/repository.go:180.16,182.3 1 0
registro-backend/internal/classes/repository.go:183.2,184.12 2 0
registro-backend/internal/classes/repository.go:184.12,186.3 1 0
registro-backend/internal/classes/repository.go:187.2,187.12 1 0
registro-backend/internal/classes/repository.go:190.75,193.2 2 0
registro-backend/internal/classes/service.go:11.43,13.2 1 1
registro-backend/internal/classes/service.go:15.109,23.46 2 1
registro-backend/internal/classes/service.go:23.46,25.3 1 1
registro-backend/internal/classes/service.go:26.2,26.15 1 1
registro-backend/internal/classes/service.go:29.86,31.2 1 1
registro-backend/internal/classes/service.go:33.93,35.2 1 1
registro-backend/internal/classes/service.go:37.76,39.2 1 1
registro-backend/internal/classes/service.go:41.103,43.16 2 1
registro-backend/internal/classes/service.go:43.16,45.3 1 1
registro-backend/internal/classes/service.go:47.2,52.46 5 1
registro-backend/internal/classes/service.go:52.46,54.3 1 1
registro-backend/internal/classes/service.go:55.2,55.15 1 1
registro-backend/internal/classes/service.go:58.69,60.2 1 1
registro-backend/internal/classes/service.go:62.102,64.2 1 1
registro-backend/internal/classes/service.go:66.81,68.2 1 1
registro-backend/internal/classes/service.go:70.97,72.2 1 1
