mode: set
registro-backend/internal/grades/analytics.go:19.57,24.2 1 0
registro-backend/internal/grades/analytics.go:26.99,33.16 2 0
registro-backend/internal/grades/analytics.go:33.16,35.3 1 0
registro-backend/internal/grades/analytics.go:37.2,38.27 2 0
registro-backend/internal/grades/analytics.go:38.27,39.50 1 0
registro-backend/internal/grades/analytics.go:39.50,41.4 1 0
registro-backend/internal/grades/analytics.go:44.2,44.58 1 0
registro-backend/internal/grades/analytics.go:47.95,60.16 3 0
registro-backend/internal/grades/analytics.go:60.16,62.3 1 0
registro-backend/internal/grades/analytics.go:63.2,66.16 3 0
registro-backend/internal/grades/analytics.go:66.16,68.3 1 0
registro-backend/internal/grades/analytics.go:69.2,71.54 2 0
registro-backend/internal/grades/analytics.go:76.108,79.16 2 0
registro-backend/internal/grades/analytics.go:79.16,81.3 1 0
registro-backend/internal/grades/analytics.go:84.2,85.27 2 0
registro-backend/internal/grades/analytics.go:85.27,86.42 1 0
registro-backend/internal/grades/analytics.go:86.42,88.4 1 0
registro-backend/internal/grades/analytics.go:92.2,93.26 2 0
registro-backend/internal/grades/analytics.go:93.26,94.48 1 0
registro-backend/internal/grades/analytics.go:94.48,96.4 1 0
registro-backend/internal/grades/analytics.go:100.2,106.19 5 0
registro-backend/internal/grades/analytics.go:106.19,108.31 2 0
registro-backend/internal/grades/analytics.go:108.31,110.15 2 0
registro-backend/internal/grades/analytics.go:110.15,112.5 1 0
registro-backend/internal/grades/analytics.go:112.10,112.22 1 0
registro-backend/internal/grades/analytics.go:112.22,114.5 1 0
registro-backend/internal/grades/analytics.go:114.10,114.22 1 0
registro-backend/internal/grades/analytics.go:114.22,116.5 1 0
registro-backend/internal/grades/analytics.go:116.10,116.22 1 0
registro-backend/internal/grades/analytics.go:116.22,118.5 1 0
registro-backend/internal/grades/analytics.go:118.10,118.22 1 0
registro-backend/internal/grades/analytics.go:118.22,120.5 1 0
registro-backend/internal/grades/analytics.go:120.10,122.5 1 0
registro-backend/internal/grades/analytics.go:124.3,124.28 1 0
registro-backend/internal/grades/analytics.go:124.28,126.4 1 0
registro-backend/internal/grades/analytics.go:130.2,131.30 2 0
registro-backend/internal/grades/analytics.go:131.30,133.3 1 0
registro-backend/internal/grades/analytics.go:134.2,135.32 2 0
registro-backend/internal/grades/analytics.go:135.32,138.24 3 0
registro-backend/internal/grades/analytics.go:138.24,139.25 1 0
registro-backend/internal/grades/analytics.go:139.25,141.5 1 0
registro-backend/internal/grades/analytics.go:141.10,143.5 1 0
registro-backend/internal/grades/analytics.go:145.3,146.18 2 0
registro-backend/internal/grades/analytics.go:146.18,148.4 1 0
registro-backend/internal/grades/analytics.go:150.3,157.5 1 0
registro-backend/internal/grades/analytics.go:162.2,163.30 2 0
registro-backend/internal/grades/analytics.go:163.30,165.3 1 0
registro-backend/internal/grades/analytics.go:167.2,172.35 5 0
registro-backend/internal/grades/analytics.go:172.35,178.29 4 0
registro-backend/internal/grades/analytics.go:178.29,180.4 1 0
registro-backend/internal/grades/analytics.go:182.3,183.34 2 0
registro-backend/internal/grades/analytics.go:183.34,184.47 1 0
registro-backend/internal/grades/analytics.go:184.47,187.5 2 0
registro-backend/internal/grades/analytics.go:190.3,190.24 1 0
registro-backend/internal/grades/analytics.go:190.24,192.4 1 0
registro-backend/internal/grades/analytics.go:192.9,194.4 1 0
registro-backend/internal/grades/analytics.go:196.3,196.23 1 0
registro-backend/internal/grades/analytics.go:196.23,204.4 1 0
registro-backend/internal/grades/analytics.go:206.3,206.17 1 0
registro-backend/internal/grades/analytics.go:206.17,212.4 1 0
registro-backend/internal/grades/analytics.go:215.2,236.8 1 0
registro-backend/internal/grades/analytics.go:239.114,241.16 2 0
registro-backend/internal/grades/analytics.go:241.16,243.3 1 0
registro-backend/internal/grades/analytics.go:246.2,247.27 2 0
registro-backend/internal/grades/analytics.go:247.27,248.87 1 0
registro-backend/internal/grades/analytics.go:248.87,250.4 1 0
registro-backend/internal/grades/analytics.go:253.2,275.8 2 0
registro-backend/internal/grades/analytics.go:278.113,281.16 2 0
registro-backend/internal/grades/analytics.go:281.16,283.3 1 0
registro-backend/internal/grades/analytics.go:285.2,287.27 3 0
registro-backend/internal/grades/analytics.go:287.27,288.43 1 0
registro-backend/internal/grades/analytics.go:288.43,289.12 1 0
registro-backend/internal/grades/analytics.go:291.3,291.50 1 0
registro-backend/internal/grades/analytics.go:291.50,292.12 1 0
registro-backend/internal/grades/analytics.go:294.3,295.48 2 0
registro-backend/internal/grades/analytics.go:295.48,297.4 1 0
registro-backend/internal/grades/analytics.go:300.2,304.29 3 0
registro-backend/internal/grades/analytics.go:304.29,306.3 1 0
registro-backend/internal/grades/analytics.go:308.2,309.30 2 0
registro-backend/internal/grades/analytics.go:309.30,311.24 2 0
registro-backend/internal/grades/analytics.go:311.24,312.49 1 0
registro-backend/internal/grades/analytics.go:312.49,314.5 1 0
registro-backend/internal/grades/analytics.go:317.3,323.5 2 0
registro-backend/internal/grades/analytics.go:326.2,333.8 1 0
registro-backend/internal/grades/analytics.go:336.96,342.16 2 0
registro-backend/internal/grades/analytics.go:342.16,344.3 1 0
registro-backend/internal/grades/analytics.go:346.2,353.27 4 0
registro-backend/internal/grades/analytics.go:353.27,355.48 2 0
registro-backend/internal/grades/analytics.go:355.48,357.4 1 0
registro-backend/internal/grades/analytics.go:359.2,369.8 3 0
registro-backend/internal/grades/calculator.go:10.34,12.2 1 1
registro-backend/internal/grades/calculator.go:15.63,16.22 1 1
registro-backend/internal/grades/calculator.go:16.22,18.3 1 1
registro-backend/internal/grades/calculator.go:20.2,23.27 3 1
registro-backend/internal/grades/calculator.go:23.27,35.23 1 1
registro-backend/internal/grades/calculator.go:35.23,38.4 2 1
registro-backend/internal/grades/calculator.go:41.2,41.16 1 1
registro-backend/internal/grades/calculator.go:41.16,43.3 1 0
registro-backend/internal/grades/calculator.go:45.2,45.53 1 1
registro-backend/internal/grades/calculator.go:49.70,50.18 1 0
registro-backend/internal/grades/calculator.go:51.30,52.14 1 0
registro-backend/internal/grades/calculator.go:53.18,54.13 1 0
registro-backend/internal/grades/calculator.go:55.15,56.13 1 0
registro-backend/internal/grades/calculator.go:57.18,58.13 1 0
registro-backend/internal/grades/calculator.go:59.21,60.13 1 0
registro-backend/internal/grades/calculator.go:61.39,62.13 1 0
registro-backend/internal/grades/calculator.go:63.23,64.13 1 0
registro-backend/internal/grades/calculator.go:65.34,66.13 1 0
registro-backend/internal/grades/calculator.go:67.10,68.13 1 0
registro-backend/internal/grades/calculator.go:73.71,74.22 1 1
registro-backend/internal/grades/calculator.go:74.22,76.3 1 1
registro-backend/internal/grades/calculator.go:78.2,81.27 3 1
registro-backend/internal/grades/calculator.go:81.27,82.39 1 1
registro-backend/internal/grades/calculator.go:82.39,85.4 2 1
registro-backend/internal/grades/calculator.go:88.2,88.23 1 1
registro-backend/internal/grades/calculator.go:88.23,90.3 1 1
registro-backend/internal/grades/calculator.go:92.2,92.59 1 1
registro-backend/internal/grades/calculator.go:97.62,99.20 2 1
registro-backend/internal/grades/calculator.go:99.20,101.3 1 1
registro-backend/internal/grades/calculator.go:103.2,105.14 3 0
registro-backend/internal/grades/calculator.go:105.14,107.3 1 0
registro-backend/internal/grades/calculator.go:108.2,108.38 1 0
registro-backend/internal/grades/calculator.go:111.73,113.19 2 1
registro-backend/internal/grades/calculator.go:113.19,115.3 1 1
registro-backend/internal/grades/calculator.go:117.2,119.25 3 0
registro-backend/internal/grades/calculator.go:119.25,121.3 1 0
registro-backend/internal/grades/calculator.go:122.2,122.52 1 0
registro-backend/internal/grades/calculator.go:125.100,127.20 2 0
registro-backend/internal/grades/calculator.go:127.20,129.3 1 0
registro-backend/internal/grades/calculator.go:131.2,134.17 3 0
registro-backend/internal/grades/calculator.go:134.17,136.3 1 0
registro-backend/internal/grades/calculator.go:138.2,139.25 2 0
registro-backend/internal/grades/calculator.go:139.25,143.3 3 0
registro-backend/internal/grades/calculator.go:144.2,148.8 4 0
registro-backend/internal/grades/calculator.go:151.81,153.20 2 0
registro-backend/internal/grades/calculator.go:153.20,155.3 1 0
registro-backend/internal/grades/calculator.go:157.2,158.25 2 0
registro-backend/internal/grades/calculator.go:158.25,159.16 1 0
registro-backend/internal/grades/calculator.go:159.16,161.4 1 0
registro-backend/internal/grades/calculator.go:164.2,164.57 1 0
registro-backend/internal/grades/calculator.go:167.62,175.27 6 0
registro-backend/internal/grades/calculator.go:175.27,177.60 2 0
registro-backend/internal/grades/calculator.go:177.60,179.4 1 0
registro-backend/internal/grades/calculator.go:180.3,180.23 1 0
registro-backend/internal/grades/calculator.go:180.23,182.4 1 0
registro-backend/internal/grades/calculator.go:184.3,184.30 1 0
registro-backend/internal/grades/calculator.go:184.30,187.4 1 0
registro-backend/internal/grades/calculator.go:189.2,189.17 1 0
registro-backend/internal/grades/calculator.go:193.62,195.27 2 1
registro-backend/internal/grades/calculator.go:195.27,196.23 1 1
registro-backend/internal/grades/calculator.go:196.23,198.4 1 1
registro-backend/internal/grades/calculator.go:200.2,200.13 1 1
registro-backend/internal/grades/exporter.go:21.73,23.41 1 0
registro-backend/internal/grades/exporter.go:23.41,24.49 1 0
registro-backend/internal/grades/exporter.go:24.49,26.4 1 0
registro-backend/internal/grades/exporter.go:27.3,27.47 1 0
registro-backend/internal/grades/exporter.go:30.2,34.27 2 0
registro-backend/internal/grades/exporter.go:34.27,46.3 1 0
registro-backend/internal/grades/exporter.go:48.2,50.44 3 0
registro-backend/internal/grades/exporter.go:50.44,52.3 1 0
registro-backend/internal/grades/exporter.go:53.2,53.25 1 0
registro-backend/internal/grades/exporter.go:67.51,76.2 2 0
registro-backend/internal/grades/exporter.go:79.73,107.27 21 0
registro-backend/internal/grades/exporter.go:107.27,109.25 1 0
registro-backend/internal/grades/exporter.go:109.25,111.4 1 0
registro-backend/internal/grades/exporter.go:111.9,111.32 1 0
registro-backend/internal/grades/exporter.go:111.32,113.4 1 0
registro-backend/internal/grades/exporter.go:113.9,115.4 1 0
registro-backend/internal/grades/exporter.go:117.3,122.39 5 0
registro-backend/internal/grades/exporter.go:122.39,124.23 2 0
registro-backend/internal/grades/exporter.go:124.23,126.5 1 0
registro-backend/internal/grades/exporter.go:128.3,133.13 5 0
registro-backend/internal/grades/exporter.go:136.2,138.25 3 0
registro-backend/internal/grades/handler.go:14.57,16.2 1 0
registro-backend/internal/grades/handler.go:19.59,21.2 2 0
registro-backend/internal/grades/handler.go:21.2,48.3 16 0
registro-backend/internal/grades/handler.go:53.52,55.21 2 0
registro-backend/internal/grades/handler.go:55.21,58.3 2 0
registro-backend/internal/grades/handler.go:60.2,63.16 3 0
registro-backend/internal/grades/handler.go:63.16,66.3 2 0
registro-backend/internal/grades/handler.go:68.2,68.31 1 0
registro-backend/internal/grades/handler.go:71.50,73.19 2 0
registro-backend/internal/grades/handler.go:73.19,76.3 2 0
registro-backend/internal/grades/handler.go:78.2,81.16 3 0
registro-backend/internal/grades/handler.go:81.16,84.3 2 0
registro-backend/internal/grades/handler.go:86.2,86.29 1 0
registro-backend/internal/grades/handler.go:89.52,91.21 2 0
registro-backend/internal/grades/handler.go:91.21,94.3 2 0
registro-backend/internal/grades/handler.go:96.2,99.16 3 0
registro-backend/internal/grades/handler.go:99.16,102.3 2 0
registro-backend/internal/grades/handler.go:104.2,104.29 1 0
registro-backend/internal/grades/handler.go:107.46,109.21 2 0
registro-backend/internal/grades/handler.go:109.21,111.3 1 0
registro-backend/internal/grades/handler.go:113.2,114.16 2 0
registro-backend/internal/grades/handler.go:114.16,117.3 2 0
registro-backend/internal/grades/handler.go:118.2,121.42 3 0
registro-backend/internal/grades/handler.go:121.43,125.3 0 0
registro-backend/internal/grades/handler.go:127.2,128.16 2 0
registro-backend/internal/grades/handler.go:128.16,131.3 2 0
registro-backend/internal/grades/handler.go:133.2,133.31 1 0
registro-backend/internal/grades/handler.go:136.42,138.21 2 0
registro-backend/internal/grades/handler.go:138.21,140.3 1 0
registro-backend/internal/grades/handler.go:142.2,143.18 2 0
registro-backend/internal/grades/handler.go:143.18,145.3 1 0
registro-backend/internal/grades/handler.go:147.2,150.16 3 0
registro-backend/internal/grades/handler.go:150.16,153.3 2 0
registro-backend/internal/grades/handler.go:155.2,155.22 1 0
registro-backend/internal/grades/handler.go:155.22,157.3 1 0
registro-backend/internal/grades/handler.go:159.2,160.42 2 0
registro-backend/internal/grades/handler.go:164.59,168.45 2 0
registro-backend/internal/grades/handler.go:168.46,170.3 0 0
registro-backend/internal/grades/handler.go:172.2,172.15 1 0
registro-backend/internal/grades/handler.go:176.44,178.47 2 0
registro-backend/internal/grades/handler.go:178.47,181.3 2 0
registro-backend/internal/grades/handler.go:183.2,184.21 2 0
registro-backend/internal/grades/handler.go:184.21,191.3 1 0
registro-backend/internal/grades/handler.go:193.2,193.59 1 0
registro-backend/internal/grades/handler.go:193.59,196.3 2 0
registro-backend/internal/grades/handler.go:198.2,198.76 1 0
registro-backend/internal/grades/handler.go:202.47,204.19 2 0
registro-backend/internal/grades/handler.go:204.19,207.3 2 0
registro-backend/internal/grades/handler.go:209.2,210.47 2 0
registro-backend/internal/grades/handler.go:210.47,213.3 2 0
registro-backend/internal/grades/handler.go:215.2,216.21 2 0
registro-backend/internal/grades/handler.go:216.21,218.3 1 0
registro-backend/internal/grades/handler.go:220.2,220.71 1 0
registro-backend/internal/grades/handler.go:220.71,223.3 2 0
registro-backend/internal/grades/handler.go:225.2,225.71 1 0
registro-backend/internal/grades/handler.go:229.47,231.19 2 0
registro-backend/internal/grades/handler.go:231.19,234.3 2 0
registro-backend/internal/grades/handler.go:236.2,237.21 2 0
registro-backend/internal/grades/handler.go:237.21,239.3 1 0
registro-backend/internal/grades/handler.go:241.2,241.66 1 0
registro-backend/internal/grades/handler.go:241.66,244.3 2 0
registro-backend/internal/grades/handler.go:246.2,246.71 1 0
registro-backend/internal/grades/handler.go:251.53,255.21 3 0
registro-backend/internal/grades/handler.go:255.21,258.3 2 0
registro-backend/internal/grades/handler.go:260.2,261.16 2 0
registro-backend/internal/grades/handler.go:261.16,264.3 2 0
registro-backend/internal/grades/handler.go:266.2,270.4 1 0
registro-backend/internal/grades/handler.go:273.51,277.19 3 0
registro-backend/internal/grades/handler.go:277.19,280.3 2 0
registro-backend/internal/grades/handler.go:282.2,283.16 2 0
registro-backend/internal/grades/handler.go:283.16,286.3 2 0
registro-backend/internal/grades/handler.go:288.2,292.4 1 0
registro-backend/internal/grades/handler.go:297.47,299.21 2 0
registro-backend/internal/grades/handler.go:299.21,301.3 1 0
registro-backend/internal/grades/handler.go:303.2,306.16 3 0
registro-backend/internal/grades/handler.go:306.16,309.3 2 0
registro-backend/internal/grades/handler.go:311.2,311.29 1 0
registro-backend/internal/grades/handler.go:314.49,316.21 2 0
registro-backend/internal/grades/handler.go:316.21,318.3 1 0
registro-backend/internal/grades/handler.go:320.2,321.16 2 0
registro-backend/internal/grades/handler.go:321.16,324.3 2 0
registro-backend/internal/grades/handler.go:326.2,326.29 1 0
registro-backend/internal/grades/handler.go:329.46,331.21 2 0
registro-backend/internal/grades/handler.go:331.21,333.3 1 0
registro-backend/internal/grades/handler.go:335.2,338.16 3 0
registro-backend/internal/grades/handler.go:338.16,341.3 2 0
registro-backend/internal/grades/handler.go:343.2,343.29 1 0
registro-backend/internal/grades/handler.go:346.53,348.21 2 0
registro-backend/internal/grades/handler.go:348.21,350.3 1 0
registro-backend/internal/grades/handler.go:352.2,354.19 3 0
registro-backend/internal/grades/handler.go:354.19,356.3 1 0
registro-backend/internal/grades/handler.go:358.2,359.16 2 0
registro-backend/internal/grades/handler.go:359.16,362.3 2 0
registro-backend/internal/grades/handler.go:364.2,364.29 1 0
registro-backend/internal/grades/handler.go:369.50,371.20 2 0
registro-backend/internal/grades/handler.go:371.20,373.3 1 0
registro-backend/internal/grades/handler.go:375.2,379.16 4 0
registro-backend/internal/grades/handler.go:379.16,382.3 2 0
registro-backend/internal/grades/handler.go:384.2,384.29 1 0
registro-backend/internal/grades/handler.go:387.57,389.2 1 0
registro-backend/internal/grades/handler.go:393.52,397.19 4 0
registro-backend/internal/grades/handler.go:397.19,399.3 1 0
registro-backend/internal/grades/handler.go:401.2,406.16 2 0
registro-backend/internal/grades/handler.go:406.16,409.3 2 0
registro-backend/internal/grades/handler.go:410.2,410.29 1 0
registro-backend/internal/grades/handler.go:413.54,417.19 4 0
registro-backend/internal/grades/handler.go:417.19,419.3 1 0
registro-backend/internal/grades/handler.go:421.2,422.16 2 0
registro-backend/internal/grades/handler.go:422.16,425.3 2 0
registro-backend/internal/grades/handler.go:426.2,426.29 1 0
registro-backend/internal/grades/handler.go:429.53,433.19 4 0
registro-backend/internal/grades/handler.go:433.19,435.3 1 0
registro-backend/internal/grades/handler.go:436.2,436.19 1 0
registro-backend/internal/grades/handler.go:436.19,438.3 1 0
registro-backend/internal/grades/handler.go:440.2,441.16 2 0
registro-backend/internal/grades/handler.go:441.16,444.3 2 0
registro-backend/internal/grades/handler.go:445.2,445.29 1 0
registro-backend/internal/grades/handler.go:448.55,451.16 3 0
registro-backend/internal/grades/handler.go:451.16,454.3 2 0
registro-backend/internal/grades/handler.go:455.2,455.29 1 0
registro-backend/internal/grades/helpers.go:10.56,11.18 1 1
registro-backend/internal/grades/helpers.go:12.23,13.13 1 1
registro-backend/internal/grades/helpers.go:14.18,15.13 1 1
registro-backend/internal/grades/helpers.go:16.21,17.13 1 1
registro-backend/internal/grades/helpers.go:18.18,19.13 1 0
registro-backend/internal/grades/helpers.go:20.15,21.13 1 1
registro-backend/internal/grades/helpers.go:22.18,23.13 1 0
registro-backend/internal/grades/helpers.go:24.16,25.14 1 1
registro-backend/internal/grades/helpers.go:26.10,27.13 1 1
registro-backend/internal/grades/helpers.go:32.53,33.17 1 1
registro-backend/internal/grades/helpers.go:33.17,35.3 1 1
registro-backend/internal/grades/helpers.go:35.8,35.24 1 1
registro-backend/internal/grades/helpers.go:35.24,37.3 1 1
registro-backend/internal/grades/helpers.go:37.8,37.24 1 1
registro-backend/internal/grades/helpers.go:37.24,39.3 1 1
registro-backend/internal/grades/helpers.go:39.8,39.24 1 1
registro-backend/internal/grades/helpers.go:39.24,53.3 1 1
registro-backend/internal/grades/helpers.go:53.8,53.25 1 1
registro-backend/internal/grades/helpers.go:53.25,55.3 1 1
registro-backend/internal/grades/helpers.go:56.2,56.17 1 0
registro-backend/internal/grades/helpers.go:60.43,61.24 1 0
registro-backend/internal/grades/helpers.go:61.24,63.3 1 0
registro-backend/internal/grades/helpers.go:64.2,64.28 1 0
registro-backend/internal/grades/helpers.go:64.28,66.3 1 0
registro-backend/internal/grades/helpers.go:67.2,67.13 1 0
registro-backend/internal/grades/helpers.go:72.64,75.19 2 1
registro-backend/internal/grades/helpers.go:75.19,80.3 3 1
registro-backend/internal/grades/helpers.go:80.8,80.26 1 0
registro-backend/internal/grades/helpers.go:80.26,85.3 3 0
registro-backend/internal/grades/helpers.go:86.2,86.33 1 0
registro-backend/internal/grades/helpers.go:90.56,99.19 3 0
registro-backend/internal/grades/helpers.go:99.19,102.3 2 0
registro-backend/internal/grades/helpers.go:102.8,102.26 1 0
registro-backend/internal/grades/helpers.go:102.26,105.3 2 0
registro-backend/internal/grades/helpers.go:105.8,107.3 1 0
registro-backend/internal/grades/helpers.go:109.2,109.46 1 0
registro-backend/internal/grades/importer.go:27.59,31.16 4 1
registro-backend/internal/grades/importer.go:31.16,33.3 1 0
registro-backend/internal/grades/importer.go:35.2,39.27 2 1
registro-backend/internal/grades/importer.go:39.27,40.13 1 1
registro-backend/internal/grades/importer.go:40.13,41.12 1 1
registro-backend/internal/grades/importer.go:43.3,43.19 1 1
registro-backend/internal/grades/importer.go:43.19,44.12 1 0
registro-backend/internal/grades/importer.go:47.3,51.19 4 1
registro-backend/internal/grades/importer.go:51.19,53.4 1 1
registro-backend/internal/grades/importer.go:55.3,56.19 2 1
registro-backend/internal/grades/importer.go:56.19,58.4 1 1
registro-backend/internal/grades/importer.go:60.3,70.5 1 1
registro-backend/internal/grades/importer.go:72.2,72.22 1 1
registro-backend/internal/grades/importer.go:76.60,78.16 2 0
registro-backend/internal/grades/importer.go:78.16,80.3 1 0
registro-backend/internal/grades/importer.go:81.2,84.16 3 0
registro-backend/internal/grades/importer.go:84.16,87.22 2 0
registro-backend/internal/grades/importer.go:87.22,89.4 1 0
registro-backend/internal/grades/importer.go:91.2,91.16 1 0
registro-backend/internal/grades/importer.go:91.16,93.3 1 0
registro-backend/internal/grades/importer.go:95.2,96.27 2 0
registro-backend/internal/grades/importer.go:96.27,97.13 1 0
registro-backend/internal/grades/importer.go:97.13,98.12 1 0
registro-backend/internal/grades/importer.go:100.3,100.19 1 0
registro-backend/internal/grades/importer.go:100.19,101.12 1 0
registro-backend/internal/grades/importer.go:104.3,117.5 3 0
registro-backend/internal/grades/importer.go:119.2,119.22 1 0
registro-backend/internal/grades/importer.go:123.103,128.27 3 0
registro-backend/internal/grades/importer.go:128.27,142.3 1 0
registro-backend/internal/grades/importer.go:144.2,144.21 1 0
registro-backend/internal/grades/importer.go:144.21,146.17 2 0
registro-backend/internal/grades/importer.go:146.17,148.4 1 0
registro-backend/internal/grades/importer.go:149.3,149.29 1 0
registro-backend/internal/grades/importer.go:152.2,152.17 1 0
registro-backend/internal/grades/model.go:129.32,130.37 1 0
registro-backend/internal/grades/model.go:130.37,132.3 1 0
registro-backend/internal/grades/model.go:133.2,133.65 1 0
registro-backend/internal/grades/model.go:133.65,135.3 1 0
registro-backend/internal/grades/model.go:136.2,136.22 1 0
registro-backend/internal/grades/model.go:136.22,138.3 1 0
registro-backend/internal/grades/model.go:140.2,140.51 1 0
registro-backend/internal/grades/model.go:140.51,142.3 1 0
registro-backend/internal/grades/model.go:143.2,143.13 1 0
registro-backend/internal/grades/repository.go:51.43,53.2 1 0
registro-backend/internal/grades/repository.go:55.49,76.16 3 0
registro-backend/internal/grades/repository.go:76.16,78.3 1 0
registro-backend/internal/grades/repository.go:79.2,79.12 1 0
registro-backend/internal/grades/repository.go:82.57,84.16 2 0
registro-backend/internal/grades/repository.go:84.16,86.3 1 0
registro-backend/internal/grades/repository.go:87.2,103.16 4 0
registro-backend/internal/grades/repository.go:103.16,105.3 1 0
registro-backend/internal/grades/repository.go:106.2,108.31 2 0
registro-backend/internal/grades/repository.go:108.31,116.17 2 0
registro-backend/internal/grades/repository.go:116.17,118.4 1 0
registro-backend/internal/grades/repository.go:121.2,121.20 1 0
registro-backend/internal/grades/repository.go:124.72,126.16 2 0
registro-backend/internal/grades/repository.go:126.16,128.3 1 0
registro-backend/internal/grades/repository.go:129.2,153.16 4 0
registro-backend/internal/grades/repository.go:153.16,155.3 1 0
registro-backend/internal/grades/repository.go:158.2,158.20 1 0
registro-backend/internal/grades/repository.go:158.20,172.17 3 0
registro-backend/internal/grades/repository.go:172.17,174.4 1 0
registro-backend/internal/grades/repository.go:177.2,177.20 1 0
registro-backend/internal/grades/repository.go:180.64,183.16 3 0
registro-backend/internal/grades/repository.go:183.16,185.3 1 0
registro-backend/internal/grades/repository.go:186.2,186.12 1 0
registro-backend/internal/grades/repository.go:189.58,205.16 4 0
registro-backend/internal/grades/repository.go:205.16,206.27 1 0
registro-backend/internal/grades/repository.go:206.27,208.4 1 0
registro-backend/internal/grades/repository.go:209.3,209.54 1 0
registro-backend/internal/grades/repository.go:211.2,211.16 1 0
registro-backend/internal/grades/repository.go:214.71,225.2 2 0
registro-backend/internal/grades/repository.go:227.109,232.18 3 0
registro-backend/internal/grades/repository.go:232.18,243.3 2 0
registro-backend/internal/grades/repository.go:243.8,255.3 2 0
registro-backend/internal/grades/repository.go:257.2,257.37 1 0
registro-backend/internal/grades/repository.go:260.81,264.18 3 0
registro-backend/internal/grades/repository.go:264.18,275.3 2 0
registro-backend/internal/grades/repository.go:275.8,286.3 2 0
registro-backend/internal/grades/repository.go:288.2,288.37 1 0
registro-backend/internal/grades/repository.go:291.85,295.18 3 0
registro-backend/internal/grades/repository.go:295.18,305.3 2 0
registro-backend/internal/grades/repository.go:305.8,315.3 2 0
registro-backend/internal/grades/repository.go:317.2,317.37 1 0
registro-backend/internal/grades/repository.go:320.74,333.25 5 0
registro-backend/internal/grades/repository.go:333.25,337.3 3 0
registro-backend/internal/grades/repository.go:338.2,338.28 1 0
registro-backend/internal/grades/repository.go:338.28,342.3 3 0
registro-backend/internal/grades/repository.go:343.2,343.28 1 0
registro-backend/internal/grades/repository.go:343.28,347.3 3 0
registro-backend/internal/grades/repository.go:348.2,348.31 1 0
registro-backend/internal/grades/repository.go:348.31,352.3 3 0
registro-backend/internal/grades/repository.go:354.2,354.25 1 0
registro-backend/internal/grades/repository.go:354.25,356.3 1 0
registro-backend/internal/grades/repository.go:358.2,360.41 2 0
registro-backend/internal/grades/repository.go:363.71,374.2 2 0
registro-backend/internal/grades/repository.go:376.73,386.16 3 0
registro-backend/internal/grades/repository.go:386.16,388.3 1 0
registro-backend/internal/grades/repository.go:389.2,392.18 3 0
registro-backend/internal/grades/repository.go:392.18,398.17 2 0
registro-backend/internal/grades/repository.go:398.17,400.4 1 0
registro-backend/internal/grades/repository.go:401.3,401.31 1 0
registro-backend/internal/grades/repository.go:403.2,403.21 1 0
registro-backend/internal/grades/repository.go:407.85,409.16 2 0
registro-backend/internal/grades/repository.go:409.16,411.3 1 0
registro-backend/internal/grades/repository.go:412.2,413.25 2 0
registro-backend/internal/grades/repository.go:416.64,418.18 2 0
registro-backend/internal/grades/repository.go:418.18,425.17 2 0
registro-backend/internal/grades/repository.go:425.17,427.4 1 0
registro-backend/internal/grades/repository.go:428.3,428.31 1 0
registro-backend/internal/grades/repository.go:430.2,430.21 1 0
registro-backend/internal/grades/service.go:47.72,54.2 1 1
registro-backend/internal/grades/service.go:60.79,62.16 2 1
registro-backend/internal/grades/service.go:62.16,64.3 1 0
registro-backend/internal/grades/service.go:65.2,65.37 1 1
registro-backend/internal/grades/service.go:68.109,75.16 2 1
registro-backend/internal/grades/service.go:75.16,77.3 1 0
registro-backend/internal/grades/service.go:79.2,80.27 2 1
registro-backend/internal/grades/service.go:80.27,81.64 1 1
registro-backend/internal/grades/service.go:81.64,82.12 1 1
registro-backend/internal/grades/service.go:84.3,84.64 1 1
registro-backend/internal/grades/service.go:84.64,85.12 1 1
registro-backend/internal/grades/service.go:87.3,87.72 1 1
registro-backend/internal/grades/service.go:87.72,88.12 1 0
registro-backend/internal/grades/service.go:90.3,90.72 1 1
registro-backend/internal/grades/service.go:90.72,91.12 1 1
registro-backend/internal/grades/service.go:93.3,93.33 1 1
registro-backend/internal/grades/service.go:96.2,96.39 1 1
registro-backend/internal/grades/service.go:99.100,109.16 4 0
registro-backend/internal/grades/service.go:109.16,111.3 1 0
registro-backend/internal/grades/service.go:114.2,115.27 2 0
registro-backend/internal/grades/service.go:115.27,117.72 1 0
registro-backend/internal/grades/service.go:117.72,118.12 1 0
registro-backend/internal/grades/service.go:120.3,121.66 2 0
registro-backend/internal/grades/service.go:125.2,129.37 2 0
registro-backend/internal/grades/service.go:129.37,134.27 3 0
registro-backend/internal/grades/service.go:134.27,136.23 2 0
registro-backend/internal/grades/service.go:136.23,139.5 2 0
registro-backend/internal/grades/service.go:139.10,142.5 2 0
registro-backend/internal/grades/service.go:145.3,146.17 2 0
registro-backend/internal/grades/service.go:146.17,148.4 1 0
registro-backend/internal/grades/service.go:149.3,149.17 1 0
registro-backend/internal/grades/service.go:149.17,151.4 1 0
registro-backend/internal/grades/service.go:153.3,159.5 1 0
registro-backend/internal/grades/service.go:162.2,162.18 1 0
registro-backend/internal/grades/service.go:165.105,167.16 2 0
registro-backend/internal/grades/service.go:167.16,169.3 1 0
registro-backend/internal/grades/service.go:172.2,194.27 6 0
registro-backend/internal/grades/service.go:194.27,195.33 1 0
registro-backend/internal/grades/service.go:195.33,198.4 2 0
registro-backend/internal/grades/service.go:199.3,202.23 2 0
registro-backend/internal/grades/service.go:202.23,204.4 1 0
registro-backend/internal/grades/service.go:204.9,204.30 1 0
registro-backend/internal/grades/service.go:204.30,206.4 1 0
registro-backend/internal/grades/service.go:206.9,206.30 1 0
registro-backend/internal/grades/service.go:206.30,208.4 1 0
registro-backend/internal/grades/service.go:208.9,210.4 1 0
registro-backend/internal/grades/service.go:213.2,214.21 2 0
registro-backend/internal/grades/service.go:214.21,216.3 1 0
registro-backend/internal/grades/service.go:218.2,226.18 2 0
registro-backend/internal/grades/service.go:229.76,231.74 1 0
registro-backend/internal/grades/service.go:231.74,233.3 1 0
registro-backend/internal/grades/service.go:235.2,254.23 3 0
registro-backend/internal/grades/service.go:254.23,256.3 1 0
registro-backend/internal/grades/service.go:258.2,258.45 1 0
registro-backend/internal/grades/service.go:258.45,260.3 1 0
registro-backend/internal/grades/service.go:262.2,262.12 1 0
registro-backend/internal/grades/service.go:265.78,268.2 1 0
registro-backend/internal/grades/service.go:270.101,275.16 2 0
registro-backend/internal/grades/service.go:275.16,277.3 1 0
registro-backend/internal/grades/service.go:279.2,280.16 2 0
registro-backend/internal/grades/service.go:280.16,282.3 1 0
registro-backend/internal/grades/service.go:285.2,285.18 1 0
registro-backend/internal/grades/service.go:288.103,290.16 2 0
registro-backend/internal/grades/service.go:290.16,292.3 1 0
registro-backend/internal/grades/service.go:295.2,295.22 1 0
registro-backend/internal/grades/service.go:295.22,297.17 2 0
registro-backend/internal/grades/service.go:297.17,299.4 1 0
registro-backend/internal/grades/service.go:300.3,300.39 1 0
registro-backend/internal/grades/service.go:301.8,301.28 1 0
registro-backend/internal/grades/service.go:301.28,312.28 2 0
registro-backend/internal/grades/service.go:312.28,315.4 1 0
registro-backend/internal/grades/service.go:316.3,316.38 1 0
registro-backend/internal/grades/service.go:319.2,319.62 1 0
registro-backend/internal/grades/service.go:322.95,324.16 2 0
registro-backend/internal/grades/service.go:324.16,326.3 1 0
registro-backend/internal/grades/service.go:327.2,327.18 1 0
registro-backend/internal/grades/service.go:327.18,329.3 1 0
registro-backend/internal/grades/service.go:331.2,331.34 1 0
registro-backend/internal/grades/service.go:331.34,333.3 1 0
registro-backend/internal/grades/service.go:336.2,336.70 1 0
registro-backend/internal/grades/service.go:336.70,338.3 1 0
registro-backend/internal/grades/service.go:340.2,349.27 3 0
registro-backend/internal/grades/service.go:349.27,350.42 1 0
registro-backend/internal/grades/service.go:350.42,354.4 3 0
registro-backend/internal/grades/service.go:355.8,357.3 1 0
registro-backend/internal/grades/service.go:359.2,359.28 1 0
registro-backend/internal/grades/service.go:359.28,360.44 1 0
registro-backend/internal/grades/service.go:360.44,364.4 3 0
registro-backend/internal/grades/service.go:365.8,367.3 1 0
registro-backend/internal/grades/service.go:369.2,369.26 1 0
registro-backend/internal/grades/service.go:369.26,372.3 2 0
registro-backend/internal/grades/service.go:373.2,373.23 1 0
registro-backend/internal/grades/service.go:373.23,376.3 2 0
registro-backend/internal/grades/service.go:377.2,377.28 1 0
registro-backend/internal/grades/service.go:377.28,380.3 2 0
registro-backend/internal/grades/service.go:381.2,381.30 1 0
registro-backend/internal/grades/service.go:381.30,384.3 2 0
registro-backend/internal/grades/service.go:386.2,386.14 1 0
registro-backend/internal/grades/service.go:386.14,388.3 1 0
registro-backend/internal/grades/service.go:390.2,392.54 2 0
registro-backend/internal/grades/service.go:392.54,394.3 1 0
registro-backend/internal/grades/service.go:396.2,396.12 1 0
registro-backend/internal/grades/service.go:399.71,401.16 2 0
registro-backend/internal/grades/service.go:401.16,403.3 1 0
registro-backend/internal/grades/service.go:404.2,404.18 1 0
registro-backend/internal/grades/service.go:404.18,406.3 1 0
registro-backend/internal/grades/service.go:408.2,408.34 1 0
registro-backend/internal/grades/service.go:408.34,410.3 1 0
registro-backend/internal/grades/service.go:413.2,413.87 1 0
registro-backend/internal/grades/service.go:413.87,415.3 1 0
registro-backend/internal/grades/service.go:417.2,417.58 1 0
registro-backend/internal/grades/service.go:417.58,419.3 1 0
registro-backend/internal/grades/service.go:420.2,420.12 1 0
registro-backend/internal/grades/service.go:425.116,440.16 2 1
registro-backend/internal/grades/service.go:440.16,442.3 1 0
registro-backend/internal/grades/service.go:443.2,443.17 1 1
registro-backend/internal/grades/service.go:443.17,445.3 1 1
registro-backend/internal/grades/service.go:447.2,447.41 1 1
registro-backend/internal/grades/service.go:450.96,466.16 4 1
registro-backend/internal/grades/service.go:466.16,468.3 1 0
registro-backend/internal/grades/service.go:470.2,471.30 2 1
registro-backend/internal/grades/service.go:471.30,472.21 1 0
registro-backend/internal/grades/service.go:472.21,473.12 1 0
registro-backend/internal/grades/service.go:475.3,475.25 1 0
registro-backend/internal/grades/service.go:475.25,476.12 1 0
registro-backend/internal/grades/service.go:478.3,478.64 1 0
registro-backend/internal/grades/service.go:478.64,479.12 1 0
registro-backend/internal/grades/service.go:481.3,481.64 1 0
registro-backend/internal/grades/service.go:481.64,482.12 1 0
registro-backend/internal/grades/service.go:484.3,484.39 1 0
registro-backend/internal/grades/service.go:488.2,494.32 3 1
registro-backend/internal/grades/service.go:494.32,496.3 1 0
registro-backend/internal/grades/service.go:499.2,499.35 1 1
registro-backend/internal/grades/service.go:499.35,506.3 1 0
registro-backend/internal/grades/service.go:508.2,508.35 1 1
registro-backend/internal/grades/service.go:508.35,515.3 1 0
registro-backend/internal/grades/service.go:517.2,517.22 1 1
registro-backend/internal/grades/service.go:520.85,523.16 2 1
registro-backend/internal/grades/service.go:523.16,525.3 1 0
registro-backend/internal/grades/service.go:528.2,529.27 2 1
registro-backend/internal/grades/service.go:529.27,530.43 1 1
registro-backend/internal/grades/service.go:530.43,531.12 1 0
registro-backend/internal/grades/service.go:533.3,533.48 1 1
registro-backend/internal/grades/service.go:533.48,534.12 1 0
registro-backend/internal/grades/service.go:537.3,537.22 1 1
registro-backend/internal/grades/service.go:537.22,539.4 1 1
registro-backend/internal/grades/service.go:540.3,540.22 1 1
registro-backend/internal/grades/service.go:540.22,542.4 1 0
registro-backend/internal/grades/service.go:545.2,545.61 1 1
registro-backend/internal/grades/service.go:545.61,548.24 2 1
registro-backend/internal/grades/service.go:548.24,550.4 1 1
registro-backend/internal/grades/service.go:552.3,556.40 4 1
registro-backend/internal/grades/service.go:556.40,565.4 4 1
registro-backend/internal/grades/service.go:567.3,568.19 2 1
registro-backend/internal/grades/service.go:568.19,570.4 1 1
registro-backend/internal/grades/service.go:572.3,573.20 2 1
registro-backend/internal/grades/service.go:573.20,575.4 1 1
registro-backend/internal/grades/service.go:575.9,575.27 1 1
registro-backend/internal/grades/service.go:575.27,577.4 1 0
registro-backend/internal/grades/service.go:579.3,583.4 1 1
registro-backend/internal/grades/service.go:586.2,589.8 1 1
registro-backend/internal/grades/service.go:592.90,597.16 2 0
registro-backend/internal/grades/service.go:597.16,599.3 1 0
registro-backend/internal/grades/service.go:601.2,602.27 2 0
registro-backend/internal/grades/service.go:602.27,603.43 1 0
registro-backend/internal/grades/service.go:603.43,604.12 1 0
registro-backend/internal/grades/service.go:606.3,606.50 1 0
registro-backend/internal/grades/service.go:606.50,607.12 1 0
registro-backend/internal/grades/service.go:609.3,609.33 1 0
registro-backend/internal/grades/service.go:613.2,613.43 1 0
registro-backend/internal/grades/service.go:613.43,615.3 1 0
registro-backend/internal/grades/service.go:619.2,622.29 2 0
registro-backend/internal/grades/service.go:622.29,624.51 2 0
registro-backend/internal/grades/service.go:624.52,629.4 0 0
registro-backend/internal/grades/service.go:632.3,633.16 2 0
registro-backend/internal/grades/service.go:633.16,635.4 1 0
registro-backend/internal/grades/service.go:636.3,645.5 3 0
registro-backend/internal/grades/service.go:649.2,650.22 2 0
registro-backend/internal/grades/service.go:650.22,654.17 4 0
registro-backend/internal/grades/service.go:654.17,656.4 1 0
registro-backend/internal/grades/service.go:657.3,657.18 1 0
registro-backend/internal/grades/service.go:657.18,659.4 1 0
registro-backend/internal/grades/service.go:662.2,669.8 1 0
registro-backend/internal/grades/service.go:672.102,675.16 2 0
registro-backend/internal/grades/service.go:675.16,677.3 1 0
registro-backend/internal/grades/service.go:679.2,680.27 2 0
registro-backend/internal/grades/service.go:680.27,681.78 1 0
registro-backend/internal/grades/service.go:681.78,683.4 1 0
registro-backend/internal/grades/service.go:686.2,687.30 2 0
registro-backend/internal/grades/service.go:687.30,689.3 1 0
registro-backend/internal/grades/service.go:691.2,695.32 4 0
registro-backend/internal/grades/service.go:695.32,701.24 4 0
registro-backend/internal/grades/service.go:701.24,703.4 1 0
registro-backend/internal/grades/service.go:705.3,706.13 2 0
registro-backend/internal/grades/service.go:706.13,708.4 1 0
registro-backend/internal/grades/service.go:710.3,715.5 1 0
registro-backend/internal/grades/service.go:718.2,719.23 2 0
registro-backend/internal/grades/service.go:719.23,721.3 1 0
registro-backend/internal/grades/service.go:723.2,724.55 2 0
registro-backend/internal/grades/service.go:724.55,726.3 1 0
registro-backend/internal/grades/service.go:728.2,734.8 1 0
registro-backend/internal/grades/service.go:738.65,740.27 2 1
registro-backend/internal/grades/service.go:740.27,742.3 1 1
registro-backend/internal/grades/service.go:743.2,743.18 1 1
registro-backend/internal/grades/service.go:746.60,760.2 1 1
registro-backend/internal/grades/validator.go:15.42,17.2 1 1
registro-backend/internal/grades/validator.go:20.79,21.30 1 1
registro-backend/internal/grades/validator.go:22.24,23.30 1 1
registro-backend/internal/grades/validator.go:23.30,25.4 1 1
registro-backend/internal/grades/validator.go:27.25,35.30 1 1
registro-backend/internal/grades/validator.go:35.30,37.4 1 1
registro-backend/internal/grades/validator.go:38.23,39.17 1 1
registro-backend/internal/grades/validator.go:39.17,41.4 1 1
registro-backend/internal/grades/validator.go:42.27,43.29 1 1
registro-backend/internal/grades/validator.go:43.29,45.4 1 1
registro-backend/internal/grades/validator.go:46.10,46.10 0 0
registro-backend/internal/grades/validator.go:49.2,49.12 1 1
registro-backend/internal/grades/validator.go:53.67,55.28 2 0
registro-backend/internal/grades/validator.go:55.28,56.37 1 0
registro-backend/internal/grades/validator.go:56.37,58.4 1 0
registro-backend/internal/grades/validator.go:60.2,60.42 1 0
registro-backend/internal/grades/validator.go:64.103,70.16 4 0
registro-backend/internal/grades/validator.go:70.16,71.27 1 0
registro-backend/internal/grades/validator.go:71.27,73.4 1 0
registro-backend/internal/grades/validator.go:77.3,77.57 1 0
registro-backend/internal/grades/validator.go:79.2,79.12 1 0
registro-backend/internal/grades/validator.go:83.83,95.16 4 0
registro-backend/internal/grades/validator.go:95.16,97.3 1 0
registro-backend/internal/grades/validator.go:98.2,98.12 1 0
registro-backend/internal/grades/validator.go:102.75,104.41 2 1
registro-backend/internal/grades/validator.go:104.41,106.3 1 1
registro-backend/internal/grades/validator.go:107.2,107.41 1 1
registro-backend/internal/grades/validator.go:107.41,109.3 1 1
registro-backend/internal/grades/validator.go:111.2,112.43 2 1
registro-backend/internal/grades/validator.go:112.43,114.3 1 0
registro-backend/internal/grades/validator.go:116.2,116.12 1 1
registro-backend/internal/grades/validator.go:120.60,121.21 1 1
registro-backend/internal/grades/validator.go:121.21,123.3 1 1
registro-backend/internal/grades/validator.go:126.2,127.115 2 1
registro-backend/internal/grades/validator.go:127.115,129.3 1 1
registro-backend/internal/grades/validator.go:130.2,130.12 1 1
registro-backend/internal/grades/validator.go:134.64,135.42 1 0
registro-backend/internal/grades/validator.go:135.42,137.3 1 0
registro-backend/internal/grades/validator.go:138.2,138.12 1 0
registro-backend/internal/grades/validator.go:143.91,144.76 1 0
registro-backend/internal/grades/validator.go:144.76,146.3 1 0
registro-backend/internal/grades/validator.go:147.2,147.63 1 0
registro-backend/internal/grades/validator.go:147.63,149.3 1 0
registro-backend/internal/grades/validator.go:150.2,150.79 1 0
registro-backend/internal/grades/validator.go:150.79,152.3 1 0
registro-backend/internal/grades/validator.go:159.2,159.12 1 0
registro-backend/internal/grades/validator.go:162.85,163.70 1 0
registro-backend/internal/grades/validator.go:163.70,165.3 1 0
registro-backend/internal/grades/validator.go:167.2,167.51 1 0
registro-backend/internal/grades/validator.go:167.51,168.79 1 0
registro-backend/internal/grades/validator.go:168.79,170.4 1 0
registro-backend/internal/grades/validator.go:171.8,171.34 1 0
registro-backend/internal/grades/validator.go:171.34,172.88 1 0
registro-backend/internal/grades/validator.go:172.88,174.4 1 0
registro-backend/internal/grades/validator.go:177.2,177.28 1 0
registro-backend/internal/grades/validator.go:177.28,178.65 1 0
registro-backend/internal/grades/validator.go:178.65,180.4 1 0
registro-backend/internal/grades/validator.go:182.2,182.12 1 0
registro-backend/internal/grades/validator.go:185.36,188.2 2 0
