mode: set
registro-backend/internal/attendance/handler.go:13.37,15.2 1 0
registro-backend/internal/attendance/handler.go:18.54,41.2 14 0
registro-backend/internal/attendance/handler.go:43.48,46.16 3 0
registro-backend/internal/attendance/handler.go:46.16,49.3 2 0
registro-backend/internal/attendance/handler.go:50.2,50.28 1 0
registro-backend/internal/attendance/handler.go:53.54,57.16 3 0
registro-backend/internal/attendance/handler.go:57.16,60.3 2 0
registro-backend/internal/attendance/handler.go:61.2,61.28 1 0
registro-backend/internal/attendance/handler.go:64.51,67.16 3 0
registro-backend/internal/attendance/handler.go:67.16,70.3 2 0
registro-backend/internal/attendance/handler.go:71.2,71.28 1 0
registro-backend/internal/attendance/handler.go:74.56,77.97 3 0
registro-backend/internal/attendance/handler.go:77.97,80.3 2 0
registro-backend/internal/attendance/handler.go:81.2,81.53 1 0
registro-backend/internal/attendance/handler.go:84.55,87.79 2 0
registro-backend/internal/attendance/handler.go:87.79,90.3 2 0
registro-backend/internal/attendance/handler.go:91.2,91.53 1 0
registro-backend/internal/attendance/handler.go:94.48,96.16 2 0
registro-backend/internal/attendance/handler.go:96.16,99.3 2 0
registro-backend/internal/attendance/handler.go:100.2,100.28 1 0
registro-backend/internal/attendance/handler.go:103.50,105.47 2 0
registro-backend/internal/attendance/handler.go:105.47,108.3 2 0
registro-backend/internal/attendance/handler.go:109.2,110.83 2 0
registro-backend/internal/attendance/handler.go:110.83,113.3 2 0
registro-backend/internal/attendance/handler.go:114.2,114.51 1 0
registro-backend/internal/attendance/handler.go:117.44,119.47 2 0
registro-backend/internal/attendance/handler.go:119.47,122.3 2 0
registro-backend/internal/attendance/handler.go:123.2,124.77 2 0
registro-backend/internal/attendance/handler.go:124.77,127.3 2 0
registro-backend/internal/attendance/handler.go:128.2,128.56 1 0
registro-backend/internal/attendance/handler.go:131.54,134.16 3 0
registro-backend/internal/attendance/handler.go:134.16,137.3 2 0
registro-backend/internal/attendance/handler.go:138.2,139.16 2 0
registro-backend/internal/attendance/handler.go:139.16,142.3 2 0
registro-backend/internal/attendance/handler.go:143.2,143.28 1 0
registro-backend/internal/attendance/handler.go:146.51,150.16 3 0
registro-backend/internal/attendance/handler.go:150.16,153.3 2 0
registro-backend/internal/attendance/handler.go:154.2,154.28 1 0
registro-backend/internal/attendance/handler.go:157.56,159.47 2 0
registro-backend/internal/attendance/handler.go:159.47,162.3 2 0
registro-backend/internal/attendance/handler.go:164.2,165.91 2 0
registro-backend/internal/attendance/handler.go:165.91,168.3 2 0
registro-backend/internal/attendance/handler.go:169.2,169.54 1 0
registro-backend/internal/attendance/handler.go:172.60,175.16 3 0
registro-backend/internal/attendance/handler.go:175.16,178.3 2 0
registro-backend/internal/attendance/handler.go:179.2,179.28 1 0
registro-backend/internal/attendance/handler.go:182.56,187.47 3 0
registro-backend/internal/attendance/handler.go:187.47,190.3 2 0
registro-backend/internal/attendance/handler.go:191.2,192.104 2 0
registro-backend/internal/attendance/handler.go:192.104,195.3 2 0
registro-backend/internal/attendance/handler.go:196.2,196.54 1 0
registro-backend/internal/attendance/handler.go:200.49,200.73 1 0
registro-backend/internal/attendance/model.go:72.37,73.63 1 0
registro-backend/internal/attendance/model.go:73.63,75.3 1 0
registro-backend/internal/attendance/model.go:76.2,76.21 1 0
registro-backend/internal/attendance/model.go:76.21,78.3 1 0
registro-backend/internal/attendance/model.go:80.2,80.51 1 0
registro-backend/internal/attendance/model.go:80.51,82.3 1 0
registro-backend/internal/attendance/model.go:83.2,83.13 1 0
registro-backend/internal/attendance/repository.go:30.43,32.2 1 0
registro-backend/internal/attendance/repository.go:36.50,49.2 2 0
registro-backend/internal/attendance/repository.go:51.60,53.16 2 0
registro-backend/internal/attendance/repository.go:53.16,55.3 1 0
registro-backend/internal/attendance/repository.go:56.2,67.16 3 0
registro-backend/internal/attendance/repository.go:67.16,69.3 1 0
registro-backend/internal/attendance/repository.go:70.2,72.25 2 0
registro-backend/internal/attendance/repository.go:72.25,77.17 2 0
registro-backend/internal/attendance/repository.go:77.17,79.4 1 0
registro-backend/internal/attendance/repository.go:81.2,81.20 1 0
registro-backend/internal/attendance/repository.go:84.50,91.2 3 0
registro-backend/internal/attendance/repository.go:93.63,100.16 4 0
registro-backend/internal/attendance/repository.go:100.16,102.3 1 0
registro-backend/internal/attendance/repository.go:103.2,103.16 1 0
registro-backend/internal/attendance/repository.go:106.95,113.16 3 0
registro-backend/internal/attendance/repository.go:113.16,115.3 1 0
registro-backend/internal/attendance/repository.go:116.2,119.18 3 0
registro-backend/internal/attendance/repository.go:119.18,121.141 2 0
registro-backend/internal/attendance/repository.go:121.141,123.4 1 0
registro-backend/internal/attendance/repository.go:124.3,124.23 1 0
registro-backend/internal/attendance/repository.go:126.2,126.17 1 0
registro-backend/internal/attendance/repository.go:129.106,137.16 3 0
registro-backend/internal/attendance/repository.go:137.16,139.3 1 0
registro-backend/internal/attendance/repository.go:140.2,143.18 3 0
registro-backend/internal/attendance/repository.go:143.18,145.141 2 0
registro-backend/internal/attendance/repository.go:145.141,147.4 1 0
registro-backend/internal/attendance/repository.go:148.3,148.23 1 0
registro-backend/internal/attendance/repository.go:150.2,150.17 1 0
registro-backend/internal/attendance/repository.go:153.75,165.16 4 0
registro-backend/internal/attendance/repository.go:165.16,167.3 1 0
registro-backend/internal/attendance/repository.go:168.2,168.16 1 0
registro-backend/internal/attendance/repository.go:173.66,178.2 2 0
registro-backend/internal/attendance/repository.go:180.66,184.2 3 0
registro-backend/internal/attendance/repository.go:186.79,190.16 4 0
registro-backend/internal/attendance/repository.go:190.16,192.3 1 0
registro-backend/internal/attendance/repository.go:193.2,193.16 1 0
registro-backend/internal/attendance/repository.go:196.89,205.16 3 0
registro-backend/internal/attendance/repository.go:205.16,207.3 1 0
registro-backend/internal/attendance/repository.go:208.2,211.18 3 0
registro-backend/internal/attendance/repository.go:211.18,213.104 2 0
registro-backend/internal/attendance/repository.go:213.104,215.4 1 0
registro-backend/internal/attendance/repository.go:216.3,216.23 1 0
registro-backend/internal/attendance/repository.go:218.2,218.17 1 0
registro-backend/internal/attendance/service.go:33.42,38.2 1 1
registro-backend/internal/attendance/service.go:40.108,53.25 3 1
registro-backend/internal/attendance/service.go:53.25,55.3 1 0
registro-backend/internal/attendance/service.go:56.2,56.24 1 1
registro-backend/internal/attendance/service.go:56.24,58.3 1 0
registro-backend/internal/attendance/service.go:60.2,60.55 1 1
registro-backend/internal/attendance/service.go:60.55,62.3 1 1
registro-backend/internal/attendance/service.go:64.2,64.27 1 1
registro-backend/internal/attendance/service.go:67.100,71.33 3 1
registro-backend/internal/attendance/service.go:71.33,81.24 2 1
registro-backend/internal/attendance/service.go:81.24,83.4 1 0
registro-backend/internal/attendance/service.go:84.3,84.56 1 1
registro-backend/internal/attendance/service.go:84.56,86.4 1 1
registro-backend/internal/attendance/service.go:87.3,87.27 1 1
registro-backend/internal/attendance/service.go:90.2,90.33 1 1
registro-backend/internal/attendance/service.go:93.114,95.16 2 0
registro-backend/internal/attendance/service.go:95.16,97.3 1 0
registro-backend/internal/attendance/service.go:101.2,101.23 1 0
registro-backend/internal/attendance/service.go:101.23,103.3 1 0
registro-backend/internal/attendance/service.go:104.2,104.22 1 0
registro-backend/internal/attendance/service.go:104.22,106.3 1 0
registro-backend/internal/attendance/service.go:107.2,107.26 1 0
registro-backend/internal/attendance/service.go:107.26,109.3 1 0
registro-backend/internal/attendance/service.go:111.2,111.27 1 0
registro-backend/internal/attendance/service.go:114.122,117.16 3 1
registro-backend/internal/attendance/service.go:117.16,119.3 1 0
registro-backend/internal/attendance/service.go:121.2,128.27 3 1
registro-backend/internal/attendance/service.go:128.27,137.27 2 1
registro-backend/internal/attendance/service.go:137.27,139.4 1 0
registro-backend/internal/attendance/service.go:141.3,143.21 2 1
registro-backend/internal/attendance/service.go:144.22,145.7 1 1
registro-backend/internal/attendance/service.go:146.21,147.7 1 1
registro-backend/internal/attendance/service.go:148.19,149.7 1 1
registro-backend/internal/attendance/service.go:152.2,156.18 4 1
registro-backend/internal/attendance/service.go:159.109,165.16 4 0
registro-backend/internal/attendance/service.go:165.16,167.3 1 0
registro-backend/internal/attendance/service.go:169.2,170.27 2 0
registro-backend/internal/attendance/service.go:170.27,180.3 2 0
registro-backend/internal/attendance/service.go:181.2,181.18 1 0
registro-backend/internal/attendance/service.go:186.110,199.61 4 1
registro-backend/internal/attendance/service.go:199.61,201.3 1 0
registro-backend/internal/attendance/service.go:203.2,203.38 1 1
registro-backend/internal/attendance/service.go:206.116,208.16 2 1
registro-backend/internal/attendance/service.go:208.16,210.3 1 0
registro-backend/internal/attendance/service.go:212.2,212.13 1 1
registro-backend/internal/attendance/service.go:212.13,221.3 4 1
registro-backend/internal/attendance/service.go:221.8,223.3 1 0
registro-backend/internal/attendance/service.go:225.2,225.38 1 1
registro-backend/internal/attendance/service.go:228.114,230.16 2 0
registro-backend/internal/attendance/service.go:230.16,232.3 1 0
registro-backend/internal/attendance/service.go:234.2,235.23 2 0
registro-backend/internal/attendance/service.go:235.23,242.3 1 0
registro-backend/internal/attendance/service.go:243.2,243.18 1 0
registro-backend/internal/attendance/service.go:246.90,258.2 1 0
registro-backend/internal/attendance/service.go:260.102,262.16 2 0
registro-backend/internal/attendance/service.go:262.16,264.3 1 0
registro-backend/internal/attendance/service.go:268.2,271.30 3 0
registro-backend/internal/attendance/service.go:271.30,273.3 1 0
registro-backend/internal/attendance/service.go:273.8,273.37 1 0
registro-backend/internal/attendance/service.go:273.37,275.3 1 0
registro-backend/internal/attendance/service.go:275.8,277.3 1 0
registro-backend/internal/attendance/service.go:279.2,279.19 1 0
registro-backend/internal/attendance/service.go:282.87,288.2 1 0
registro-backend/internal/attendance/validator.go:10.32,12.2 1 1
registro-backend/internal/attendance/validator.go:14.56,19.41 3 1
registro-backend/internal/attendance/validator.go:19.41,21.3 1 1
registro-backend/internal/attendance/validator.go:30.2,30.50 1 1
registro-backend/internal/attendance/validator.go:30.50,32.3 1 1
registro-backend/internal/attendance/validator.go:33.2,33.54 1 1
registro-backend/internal/attendance/validator.go:33.54,35.3 1 0
registro-backend/internal/attendance/validator.go:37.2,37.12 1 1
registro-backend/internal/attendance/validator.go:40.67,41.35 1 1
registro-backend/internal/attendance/validator.go:41.35,43.3 1 0
registro-backend/internal/attendance/validator.go:44.2,44.12 1 1
